interactions:
- request:
    body: '{"domein": "LDEGB", "rsin": "123456782", "contactpersoonBeheerNaam": "Ubaldo",
      "naam": "Test catalogus"}'
    headers:
      Accept:
      - '*/*'
      Accept-Crs:
      - EPSG:4326
      Accept-Encoding:
      - gzip, deflate
      Connection:
      - keep-alive
      Content-Length:
      - '104'
      Content-Type:
      - application/json
    method: POST
    uri: http://localhost:8003/catalogi/api/v1/catalogussen
  response:
    body:
      string: '{"url":"http://localhost:8003/catalogi/api/v1/catalogussen/a14b6211-e2a0-411a-82fe-63acdd7706b9","domein":"LDEGB","rsin":"123456782","contactpersoonBeheerNaam":"Ubaldo","contactpersoonBeheerTelefoonnummer":"","contactpersoonBeheerEmailadres":"","zaaktypen":[],"besluittypen":[],"informatieobjecttypen":[],"naam":"Test
        catalogus","versie":"","begindatumVersie":null}'
    headers:
      API-version:
      - 1.3.1
      Allow:
      - GET, POST, HEAD, OPTIONS
      Connection:
      - keep-alive
      Content-Length:
      - '365'
      Content-Type:
      - application/json
      Cross-Origin-Opener-Policy:
      - same-origin
      Location:
      - http://localhost:8003/catalogi/api/v1/catalogussen/a14b6211-e2a0-411a-82fe-63acdd7706b9
      Referrer-Policy:
      - same-origin
      Vary:
      - Accept, origin
      X-Content-Type-Options:
      - nosniff
      X-Frame-Options:
      - DENY
    status:
      code: 201
      message: Created
- request:
    body: '{"omschrijving": "Another test zaaktype", "vertrouwelijkheidaanduiding":
      "openbaar", "doel": "New Zaaktype 001", "aanleiding": "New Zaaktype 001", "indicatieInternOfExtern":
      "intern", "handelingInitiator": "aanvragen", "onderwerp": "New Zaaktype 001",
      "handelingBehandelaar": "handelin", "doorlooptijd": "P40D", "opschortingEnAanhoudingMogelijk":
      false, "verlengingMogelijk": true, "verlengingstermijn": "P40D", "publicatieIndicatie":
      false, "productenOfDiensten": ["https://example.com/product/321"], "referentieproces":
      {"naam": "ReferentieProces 1"}, "verantwoordelijke": "200000000", "beginGeldigheid":
      "2025-06-19", "versiedatum": "2025-06-19", "catalogus": "http://localhost:8003/catalogi/api/v1/catalogussen/a14b6211-e2a0-411a-82fe-63acdd7706b9",
      "besluittypen": [], "gerelateerdeZaaktypen": [], "selectielijstProcestype":
      "https://selectielijst.openzaak.nl/api/v1/procestypen/aa8aa2fd-b9c6-4e34-9a6c-58a677f60ea0"}'
    headers:
      Accept:
      - '*/*'
      Accept-Crs:
      - EPSG:4326
      Accept-Encoding:
      - gzip, deflate
      Connection:
      - keep-alive
      Content-Length:
      - '922'
      Content-Type:
      - application/json
    method: POST
    uri: http://localhost:8003/catalogi/api/v1/zaaktypen
  response:
    body:
      string: '{"url":"http://localhost:8003/catalogi/api/v1/zaaktypen/73df2b1c-1471-47de-a1c7-e6386378056a","identificatie":"ZAAKTYPE-2025-0000000031","omschrijving":"Another
        test zaaktype","omschrijvingGeneriek":"","vertrouwelijkheidaanduiding":"openbaar","doel":"New
        Zaaktype 001","aanleiding":"New Zaaktype 001","toelichting":"","indicatieInternOfExtern":"intern","handelingInitiator":"aanvragen","onderwerp":"New
        Zaaktype 001","handelingBehandelaar":"handelin","doorlooptijd":"P40D","servicenorm":null,"opschortingEnAanhoudingMogelijk":false,"verlengingMogelijk":true,"verlengingstermijn":"P40D","trefwoorden":[],"publicatieIndicatie":false,"publicatietekst":"","verantwoordingsrelatie":[],"productenOfDiensten":["https://example.com/product/321"],"selectielijstProcestype":"https://selectielijst.openzaak.nl/api/v1/procestypen/aa8aa2fd-b9c6-4e34-9a6c-58a677f60ea0","referentieproces":{"naam":"ReferentieProces
        1","link":""},"concept":true,"verantwoordelijke":"200000000","beginGeldigheid":"2025-06-19","eindeGeldigheid":null,"versiedatum":"2025-06-19","beginObject":"2025-06-19","eindeObject":null,"catalogus":"http://localhost:8003/catalogi/api/v1/catalogussen/a14b6211-e2a0-411a-82fe-63acdd7706b9","statustypen":[],"resultaattypen":[],"eigenschappen":[],"informatieobjecttypen":[],"roltypen":[],"besluittypen":[],"deelzaaktypen":[],"gerelateerdeZaaktypen":[],"zaakobjecttypen":[]}'
    headers:
      API-version:
      - 1.3.1
      Allow:
      - GET, POST, HEAD, OPTIONS
      Connection:
      - keep-alive
      Content-Length:
      - '1373'
      Content-Type:
      - application/json
      Cross-Origin-Opener-Policy:
      - same-origin
      Location:
      - http://localhost:8003/catalogi/api/v1/zaaktypen/73df2b1c-1471-47de-a1c7-e6386378056a
      Referrer-Policy:
      - same-origin
      Vary:
      - Accept, origin
      X-Content-Type-Options:
      - nosniff
      X-Frame-Options:
      - DENY
    status:
      code: 201
      message: Created
- request:
    body: '{"zaaktype": "http://localhost:8003/catalogi/api/v1/zaaktypen/73df2b1c-1471-47de-a1c7-e6386378056a",
      "omschrijving": "Vastgesteld", "omschrijvingGeneriek": "initiator"}'
    headers:
      Accept:
      - '*/*'
      Accept-Crs:
      - EPSG:4326
      Accept-Encoding:
      - gzip, deflate
      Connection:
      - keep-alive
      Content-Length:
      - '168'
      Content-Type:
      - application/json
    method: POST
    uri: http://localhost:8003/catalogi/api/v1/roltypen
  response:
    body:
      string: '{"url":"http://localhost:8003/catalogi/api/v1/roltypen/baaa0dd9-b7ff-47f9-a311-2733bce86122","zaaktype":"http://localhost:8003/catalogi/api/v1/zaaktypen/73df2b1c-1471-47de-a1c7-e6386378056a","zaaktypeIdentificatie":"ZAAKTYPE-2025-0000000031","omschrijving":"Vastgesteld","omschrijvingGeneriek":"initiator","catalogus":"http://localhost:8003/catalogi/api/v1/catalogussen/a14b6211-e2a0-411a-82fe-63acdd7706b9","beginGeldigheid":null,"eindeGeldigheid":null,"beginObject":null,"eindeObject":null}'
    headers:
      API-version:
      - 1.3.1
      Allow:
      - GET, POST, HEAD, OPTIONS
      Connection:
      - keep-alive
      Content-Length:
      - '492'
      Content-Type:
      - application/json
      Cross-Origin-Opener-Policy:
      - same-origin
      Location:
      - http://localhost:8003/catalogi/api/v1/roltypen/baaa0dd9-b7ff-47f9-a311-2733bce86122
      Referrer-Policy:
      - same-origin
      Vary:
      - Accept, origin
      X-Content-Type-Options:
      - nosniff
      X-Frame-Options:
      - DENY
    status:
      code: 201
      message: Created
- request:
    body: '{"omschrijving": "MODIFIED by patch", "zaaktype": "http://localhost:8003/catalogi/api/v1/zaaktypen/73df2b1c-1471-47de-a1c7-e6386378056a"}'
    headers:
      Accept:
      - '*/*'
      Accept-Crs:
      - EPSG:4326
      Accept-Encoding:
      - gzip, deflate
      Connection:
      - keep-alive
      Content-Length:
      - '137'
      Content-Type:
      - application/json
    method: PATCH
    uri: http://localhost:8003/catalogi/api/v1/roltypen/baaa0dd9-b7ff-47f9-a311-2733bce86122
  response:
    body:
      string: '{"url":"http://localhost:8003/catalogi/api/v1/roltypen/baaa0dd9-b7ff-47f9-a311-2733bce86122","zaaktype":"http://localhost:8003/catalogi/api/v1/zaaktypen/73df2b1c-1471-47de-a1c7-e6386378056a","zaaktypeIdentificatie":"ZAAKTYPE-2025-0000000031","omschrijving":"MODIFIED
        by patch","omschrijvingGeneriek":"initiator","catalogus":"http://localhost:8003/catalogi/api/v1/catalogussen/a14b6211-e2a0-411a-82fe-63acdd7706b9","beginGeldigheid":null,"eindeGeldigheid":null,"beginObject":null,"eindeObject":null}'
    headers:
      API-version:
      - 1.3.1
      Allow:
      - GET, PUT, PATCH, DELETE, HEAD, OPTIONS
      Connection:
      - keep-alive
      Content-Length:
      - '498'
      Content-Type:
      - application/json
      Cross-Origin-Opener-Policy:
      - same-origin
      Referrer-Policy:
      - same-origin
      Vary:
      - Accept, origin
      X-Content-Type-Options:
      - nosniff
      X-Frame-Options:
      - DENY
    status:
      code: 200
      message: OK
version: 1
