interactions:
- request:
    body: '{"domein": "EGJMH", "rsin": "123456782", "contactpersoonBeheerNaam": "Ubaldo",
      "naam": "Test catalogus"}'
    headers:
      Accept:
      - '*/*'
      Accept-Crs:
      - EPSG:4326
      Accept-Encoding:
      - gzip, deflate
      Connection:
      - keep-alive
      Content-Length:
      - '104'
      Content-Type:
      - application/json
    method: POST
    uri: http://localhost:8003/catalogi/api/v1/catalogussen
  response:
    body:
      string: '{"url":"http://localhost:8003/catalogi/api/v1/catalogussen/1037aede-9a4a-4f2a-a697-521981b44a3b","domein":"EGJMH","rsin":"123456782","contactpersoonBeheerNaam":"Ubaldo","contactpersoonBeheerTelefoonnummer":"","contactpersoonBeheerEmailadres":"","zaaktypen":[],"besluittypen":[],"informatieobjecttypen":[],"naam":"Test
        catalogus","versie":"","begindatumVersie":null}'
    headers:
      API-version:
      - 1.3.1
      Allow:
      - GET, POST, HEAD, OPTIONS
      Connection:
      - keep-alive
      Content-Length:
      - '365'
      Content-Type:
      - application/json
      Cross-Origin-Opener-Policy:
      - same-origin
      Location:
      - http://localhost:8003/catalogi/api/v1/catalogussen/1037aede-9a4a-4f2a-a697-521981b44a3b
      Referrer-Policy:
      - same-origin
      Vary:
      - Accept, origin
      X-Content-Type-Options:
      - nosniff
      X-Frame-Options:
      - DENY
    status:
      code: 201
      message: Created
- request:
    body: '{"omschrijving": "Another test zaaktype", "vertrouwelijkheidaanduiding":
      "openbaar", "doel": "New Zaaktype 001", "aanleiding": "New Zaaktype 001", "indicatieInternOfExtern":
      "intern", "handelingInitiator": "aanvragen", "onderwerp": "New Zaaktype 001",
      "handelingBehandelaar": "handelin", "doorlooptijd": "P40D", "opschortingEnAanhoudingMogelijk":
      false, "verlengingMogelijk": true, "verlengingstermijn": "P40D", "publicatieIndicatie":
      false, "productenOfDiensten": ["https://example.com/product/321"], "referentieproces":
      {"naam": "ReferentieProces 1"}, "verantwoordelijke": "200000000", "beginGeldigheid":
      "2025-06-19", "versiedatum": "2025-06-19", "catalogus": "http://localhost:8003/catalogi/api/v1/catalogussen/1037aede-9a4a-4f2a-a697-521981b44a3b",
      "besluittypen": [], "gerelateerdeZaaktypen": [], "selectielijstProcestype":
      "https://selectielijst.openzaak.nl/api/v1/procestypen/aa8aa2fd-b9c6-4e34-9a6c-58a677f60ea0"}'
    headers:
      Accept:
      - '*/*'
      Accept-Crs:
      - EPSG:4326
      Accept-Encoding:
      - gzip, deflate
      Connection:
      - keep-alive
      Content-Length:
      - '922'
      Content-Type:
      - application/json
    method: POST
    uri: http://localhost:8003/catalogi/api/v1/zaaktypen
  response:
    body:
      string: '{"url":"http://localhost:8003/catalogi/api/v1/zaaktypen/446b3ed2-bb5f-49f4-aeb0-0b322c7be56c","identificatie":"ZAAKTYPE-2025-0000000007","omschrijving":"Another
        test zaaktype","omschrijvingGeneriek":"","vertrouwelijkheidaanduiding":"openbaar","doel":"New
        Zaaktype 001","aanleiding":"New Zaaktype 001","toelichting":"","indicatieInternOfExtern":"intern","handelingInitiator":"aanvragen","onderwerp":"New
        Zaaktype 001","handelingBehandelaar":"handelin","doorlooptijd":"P40D","servicenorm":null,"opschortingEnAanhoudingMogelijk":false,"verlengingMogelijk":true,"verlengingstermijn":"P40D","trefwoorden":[],"publicatieIndicatie":false,"publicatietekst":"","verantwoordingsrelatie":[],"productenOfDiensten":["https://example.com/product/321"],"selectielijstProcestype":"https://selectielijst.openzaak.nl/api/v1/procestypen/aa8aa2fd-b9c6-4e34-9a6c-58a677f60ea0","referentieproces":{"naam":"ReferentieProces
        1","link":""},"concept":true,"verantwoordelijke":"200000000","beginGeldigheid":"2025-06-19","eindeGeldigheid":null,"versiedatum":"2025-06-19","beginObject":"2025-06-19","eindeObject":null,"catalogus":"http://localhost:8003/catalogi/api/v1/catalogussen/1037aede-9a4a-4f2a-a697-521981b44a3b","statustypen":[],"resultaattypen":[],"eigenschappen":[],"informatieobjecttypen":[],"roltypen":[],"besluittypen":[],"deelzaaktypen":[],"gerelateerdeZaaktypen":[],"zaakobjecttypen":[]}'
    headers:
      API-version:
      - 1.3.1
      Allow:
      - GET, POST, HEAD, OPTIONS
      Connection:
      - keep-alive
      Content-Length:
      - '1373'
      Content-Type:
      - application/json
      Cross-Origin-Opener-Policy:
      - same-origin
      Location:
      - http://localhost:8003/catalogi/api/v1/zaaktypen/446b3ed2-bb5f-49f4-aeb0-0b322c7be56c
      Referrer-Policy:
      - same-origin
      Vary:
      - Accept, origin
      X-Content-Type-Options:
      - nosniff
      X-Frame-Options:
      - DENY
    status:
      code: 201
      message: Created
- request:
    body: '{"publicatieIndicatie": false, "informatieobjecttypen": [], "beginGeldigheid":
      "2025-06-19", "catalogus": "http://localhost:8003/catalogi/api/v1/catalogussen/1037aede-9a4a-4f2a-a697-521981b44a3b"}'
    headers:
      Accept:
      - '*/*'
      Accept-Crs:
      - EPSG:4326
      Accept-Encoding:
      - gzip, deflate
      Connection:
      - keep-alive
      Content-Length:
      - '196'
      Content-Type:
      - application/json
    method: POST
    uri: http://localhost:8003/catalogi/api/v1/besluittypen
  response:
    body:
      string: '{"url":"http://localhost:8003/catalogi/api/v1/besluittypen/fc7b0245-23ab-4175-8ff2-348e53454d80","catalogus":"http://localhost:8003/catalogi/api/v1/catalogussen/1037aede-9a4a-4f2a-a697-521981b44a3b","zaaktypen":[],"omschrijving":"","omschrijvingGeneriek":"","besluitcategorie":"","reactietermijn":null,"publicatieIndicatie":false,"publicatietekst":"","publicatietermijn":null,"toelichting":"","informatieobjecttypen":[],"beginGeldigheid":"2025-06-19","eindeGeldigheid":null,"concept":true,"resultaattypen":[],"resultaattypenOmschrijving":[],"vastgelegdIn":[],"beginObject":"2025-06-19","eindeObject":null}'
    headers:
      API-version:
      - 1.3.1
      Allow:
      - GET, POST, HEAD, OPTIONS
      Connection:
      - keep-alive
      Content-Length:
      - '605'
      Content-Type:
      - application/json
      Cross-Origin-Opener-Policy:
      - same-origin
      Location:
      - http://localhost:8003/catalogi/api/v1/besluittypen/fc7b0245-23ab-4175-8ff2-348e53454d80
      Referrer-Policy:
      - same-origin
      Vary:
      - Accept, origin
      X-Content-Type-Options:
      - nosniff
      X-Frame-Options:
      - DENY
    status:
      code: 201
      message: Created
- request:
    body: '{"besluittypen": ["http://localhost:8003/catalogi/api/v1/besluittypen/fc7b0245-23ab-4175-8ff2-348e53454d80"]}'
    headers:
      Accept:
      - '*/*'
      Accept-Crs:
      - EPSG:4326
      Accept-Encoding:
      - gzip, deflate
      Connection:
      - keep-alive
      Content-Length:
      - '109'
      Content-Type:
      - application/json
    method: PATCH
    uri: http://localhost:8003/catalogi/api/v1/zaaktypen/446b3ed2-bb5f-49f4-aeb0-0b322c7be56c
  response:
    body:
      string: '{"url":"http://localhost:8003/catalogi/api/v1/zaaktypen/446b3ed2-bb5f-49f4-aeb0-0b322c7be56c","identificatie":"ZAAKTYPE-2025-0000000007","omschrijving":"Another
        test zaaktype","omschrijvingGeneriek":"","vertrouwelijkheidaanduiding":"openbaar","doel":"New
        Zaaktype 001","aanleiding":"New Zaaktype 001","toelichting":"","indicatieInternOfExtern":"intern","handelingInitiator":"aanvragen","onderwerp":"New
        Zaaktype 001","handelingBehandelaar":"handelin","doorlooptijd":"P40D","servicenorm":null,"opschortingEnAanhoudingMogelijk":false,"verlengingMogelijk":true,"verlengingstermijn":"P40D","trefwoorden":[],"publicatieIndicatie":false,"publicatietekst":"","verantwoordingsrelatie":[],"productenOfDiensten":["https://example.com/product/321"],"selectielijstProcestype":"https://selectielijst.openzaak.nl/api/v1/procestypen/aa8aa2fd-b9c6-4e34-9a6c-58a677f60ea0","referentieproces":{"naam":"ReferentieProces
        1","link":""},"concept":true,"verantwoordelijke":"200000000","beginGeldigheid":"2025-06-19","eindeGeldigheid":null,"versiedatum":"2025-06-19","beginObject":"2025-06-19","eindeObject":null,"catalogus":"http://localhost:8003/catalogi/api/v1/catalogussen/1037aede-9a4a-4f2a-a697-521981b44a3b","statustypen":[],"resultaattypen":[],"eigenschappen":[],"informatieobjecttypen":[],"roltypen":[],"besluittypen":["http://localhost:8003/catalogi/api/v1/besluittypen/fc7b0245-23ab-4175-8ff2-348e53454d80"],"deelzaaktypen":[],"gerelateerdeZaaktypen":[],"zaakobjecttypen":[]}'
    headers:
      API-version:
      - 1.3.1
      Allow:
      - GET, PUT, PATCH, DELETE, HEAD, OPTIONS
      Connection:
      - keep-alive
      Content-Length:
      - '1462'
      Content-Type:
      - application/json
      Cross-Origin-Opener-Policy:
      - same-origin
      Referrer-Policy:
      - same-origin
      Vary:
      - Accept, origin
      X-Content-Type-Options:
      - nosniff
      X-Frame-Options:
      - DENY
    status:
      code: 200
      message: OK
- request:
    body: '{"zaaktypen": ["http://localhost:8003/catalogi/api/v1/zaaktypen/446b3ed2-bb5f-49f4-aeb0-0b322c7be56c"],
      "catalogus": "http://localhost:8003/catalogi/api/v1/catalogussen/1037aede-9a4a-4f2a-a697-521981b44a3b",
      "omschrijving": "PUTjeschepper", "publicatie_indicatie": true, "informatieobjecttypen":
      [], "begin_geldigheid": "2025-06-19", "concept": false, "zaaktype": "http://localhost:8003/catalogi/api/v1/zaaktypen/446b3ed2-bb5f-49f4-aeb0-0b322c7be56c"}'
    headers:
      Accept:
      - '*/*'
      Accept-Crs:
      - EPSG:4326
      Accept-Encoding:
      - gzip, deflate
      Connection:
      - keep-alive
      Content-Length:
      - '451'
      Content-Type:
      - application/json
    method: PUT
    uri: http://localhost:8003/catalogi/api/v1/besluittypen/fc7b0245-23ab-4175-8ff2-348e53454d80
  response:
    body:
      string: '{"url":"http://localhost:8003/catalogi/api/v1/besluittypen/fc7b0245-23ab-4175-8ff2-348e53454d80","catalogus":"http://localhost:8003/catalogi/api/v1/catalogussen/1037aede-9a4a-4f2a-a697-521981b44a3b","zaaktypen":["http://localhost:8003/catalogi/api/v1/zaaktypen/446b3ed2-bb5f-49f4-aeb0-0b322c7be56c"],"omschrijving":"PUTjeschepper","omschrijvingGeneriek":"","besluitcategorie":"","reactietermijn":null,"publicatieIndicatie":true,"publicatietekst":"","publicatietermijn":null,"toelichting":"","informatieobjecttypen":[],"beginGeldigheid":"2025-06-19","eindeGeldigheid":null,"concept":true,"resultaattypen":[],"resultaattypenOmschrijving":[],"vastgelegdIn":[],"beginObject":"2025-06-19","eindeObject":null}'
    headers:
      API-version:
      - 1.3.1
      Allow:
      - GET, PUT, PATCH, DELETE, HEAD, OPTIONS
      Connection:
      - keep-alive
      Content-Length:
      - '703'
      Content-Type:
      - application/json
      Cross-Origin-Opener-Policy:
      - same-origin
      Referrer-Policy:
      - same-origin
      Vary:
      - Accept, origin
      X-Content-Type-Options:
      - nosniff
      X-Frame-Options:
      - DENY
    status:
      code: 200
      message: OK
version: 1
