interactions:
- request:
    body: '{"domein": "SVQRT", "rsin": "123456782", "contactpersoonBeheerNaam": "Ubaldo",
      "naam": "By kind laugh his most."}'
    headers:
      Accept:
      - '*/*'
      Accept-Crs:
      - EPSG:4326
      Accept-Encoding:
      - gzip, deflate
      Connection:
      - keep-alive
      Content-Length:
      - '113'
      Content-Type:
      - application/json
    method: POST
    uri: http://localhost:8003/catalogi/api/v1/catalogussen
  response:
    body:
      string: '{"url":"http://localhost:8003/catalogi/api/v1/catalogussen/a2c78829-5f3f-46c0-a911-a46b85683d94","domein":"SVQRT","rsin":"123456782","contactpersoonBeheerNaam":"Ubaldo","contactpersoonBeheerTelefoonnummer":"","contactpersoonBeheerEmailadres":"","zaaktypen":[],"besluittypen":[],"informatieobjecttypen":[],"naam":"By
        kind laugh his most.","versie":"","begindatumVersie":null}'
    headers:
      API-version:
      - 1.3.1
      Allow:
      - GET, POST, HEAD, OPTIONS
      Connection:
      - keep-alive
      Content-Length:
      - '374'
      Content-Type:
      - application/json
      Cross-Origin-Opener-Policy:
      - same-origin
      Location:
      - http://localhost:8003/catalogi/api/v1/catalogussen/a2c78829-5f3f-46c0-a911-a46b85683d94
      Referrer-Policy:
      - same-origin
      Vary:
      - Accept, origin
      X-Content-Type-Options:
      - nosniff
      X-Frame-Options:
      - DENY
    status:
      code: 201
      message: Created
- request:
    body: '{"omschrijving": "Everything difficult meet feel.", "vertrouwelijkheidaanduiding":
      "openbaar", "doel": "New Zaaktype 001", "aanleiding": "New Zaaktype 001", "indicatieInternOfExtern":
      "intern", "handelingInitiator": "aanvragen", "onderwerp": "New Zaaktype 001",
      "handelingBehandelaar": "handelin", "doorlooptijd": "P40D", "opschortingEnAanhoudingMogelijk":
      false, "verlengingMogelijk": true, "verlengingstermijn": "P40D", "publicatieIndicatie":
      false, "productenOfDiensten": ["https://example.com/product/321"], "referentieproces":
      {"naam": "ReferentieProces 1"}, "verantwoordelijke": "200000000", "beginGeldigheid":
      "2025-06-19", "versiedatum": "2025-06-19", "catalogus": "http://localhost:8003/catalogi/api/v1/catalogussen/a2c78829-5f3f-46c0-a911-a46b85683d94",
      "besluittypen": [], "gerelateerdeZaaktypen": [], "selectielijstProcestype":
      "https://selectielijst.openzaak.nl/api/v1/procestypen/aa8aa2fd-b9c6-4e34-9a6c-58a677f60ea0"}'
    headers:
      Accept:
      - '*/*'
      Accept-Crs:
      - EPSG:4326
      Accept-Encoding:
      - gzip, deflate
      Connection:
      - keep-alive
      Content-Length:
      - '932'
      Content-Type:
      - application/json
    method: POST
    uri: http://localhost:8003/catalogi/api/v1/zaaktypen
  response:
    body:
      string: '{"url":"http://localhost:8003/catalogi/api/v1/zaaktypen/45ce1555-bd81-4178-b39b-6d1630f0b862","identificatie":"ZAAKTYPE-2025-0000000063","omschrijving":"Everything
        difficult meet feel.","omschrijvingGeneriek":"","vertrouwelijkheidaanduiding":"openbaar","doel":"New
        Zaaktype 001","aanleiding":"New Zaaktype 001","toelichting":"","indicatieInternOfExtern":"intern","handelingInitiator":"aanvragen","onderwerp":"New
        Zaaktype 001","handelingBehandelaar":"handelin","doorlooptijd":"P40D","servicenorm":null,"opschortingEnAanhoudingMogelijk":false,"verlengingMogelijk":true,"verlengingstermijn":"P40D","trefwoorden":[],"publicatieIndicatie":false,"publicatietekst":"","verantwoordingsrelatie":[],"productenOfDiensten":["https://example.com/product/321"],"selectielijstProcestype":"https://selectielijst.openzaak.nl/api/v1/procestypen/aa8aa2fd-b9c6-4e34-9a6c-58a677f60ea0","referentieproces":{"naam":"ReferentieProces
        1","link":""},"concept":true,"verantwoordelijke":"200000000","beginGeldigheid":"2025-06-19","eindeGeldigheid":null,"versiedatum":"2025-06-19","beginObject":"2025-06-19","eindeObject":null,"catalogus":"http://localhost:8003/catalogi/api/v1/catalogussen/a2c78829-5f3f-46c0-a911-a46b85683d94","statustypen":[],"resultaattypen":[],"eigenschappen":[],"informatieobjecttypen":[],"roltypen":[],"besluittypen":[],"deelzaaktypen":[],"gerelateerdeZaaktypen":[],"zaakobjecttypen":[]}'
    headers:
      API-version:
      - 1.3.1
      Allow:
      - GET, POST, HEAD, OPTIONS
      Connection:
      - keep-alive
      Content-Length:
      - '1383'
      Content-Type:
      - application/json
      Cross-Origin-Opener-Policy:
      - same-origin
      Location:
      - http://localhost:8003/catalogi/api/v1/zaaktypen/45ce1555-bd81-4178-b39b-6d1630f0b862
      Referrer-Policy:
      - same-origin
      Vary:
      - Accept, origin
      X-Content-Type-Options:
      - nosniff
      X-Frame-Options:
      - DENY
    status:
      code: 201
      message: Created
- request:
    body: '{"zaaktype": "http://localhost:8003/catalogi/api/v1/zaaktypen/45ce1555-bd81-4178-b39b-6d1630f0b862",
      "naam": "Henk de Vries", "definitie": "Niet de broer van Henk de Vries", "specificatie":
      {"formaat": "tekst", "lengte": "1", "kardinaliteit": "1", "groep": "de De Vriesjes",
      "waardenverzameling": []}}'
    headers:
      Accept:
      - '*/*'
      Accept-Crs:
      - EPSG:4326
      Accept-Encoding:
      - gzip, deflate
      Connection:
      - keep-alive
      Content-Length:
      - '301'
      Content-Type:
      - application/json
    method: POST
    uri: http://localhost:8003/catalogi/api/v1/eigenschappen
  response:
    body:
      string: '{"url":"http://localhost:8003/catalogi/api/v1/eigenschappen/8acab492-5d07-497d-bf54-f7f4cc3bfeaa","naam":"Henk
        de Vries","definitie":"Niet de broer van Henk de Vries","specificatie":{"groep":"de
        De Vriesjes","formaat":"tekst","lengte":"1","kardinaliteit":"1","waardenverzameling":[]},"toelichting":"","zaaktype":"http://localhost:8003/catalogi/api/v1/zaaktypen/45ce1555-bd81-4178-b39b-6d1630f0b862","zaaktypeIdentificatie":"ZAAKTYPE-2025-0000000063","catalogus":"http://localhost:8003/catalogi/api/v1/catalogussen/a2c78829-5f3f-46c0-a911-a46b85683d94","statustype":null,"beginGeldigheid":null,"eindeGeldigheid":null,"beginObject":null,"eindeObject":null}'
    headers:
      API-version:
      - 1.3.1
      Allow:
      - GET, POST, HEAD, OPTIONS
      Connection:
      - keep-alive
      Content-Length:
      - '654'
      Content-Type:
      - application/json
      Cross-Origin-Opener-Policy:
      - same-origin
      Location:
      - http://localhost:8003/catalogi/api/v1/eigenschappen/8acab492-5d07-497d-bf54-f7f4cc3bfeaa
      Referrer-Policy:
      - same-origin
      Vary:
      - Accept, origin
      X-Content-Type-Options:
      - nosniff
      X-Frame-Options:
      - DENY
    status:
      code: 201
      message: Created
version: 1
