interactions:
- request:
    body: '{"domein": "JVWGE", "rsin": "123456782", "contactpersoonBeheerNaam": "Ubaldo",
      "naam": "Nice such now side."}'
    headers:
      Accept:
      - '*/*'
      Accept-Crs:
      - EPSG:4326
      Accept-Encoding:
      - gzip, deflate
      Connection:
      - keep-alive
      Content-Length:
      - '109'
      Content-Type:
      - application/json
    method: POST
    uri: http://localhost:8003/catalogi/api/v1/catalogussen
  response:
    body:
      string: '{"url":"http://localhost:8003/catalogi/api/v1/catalogussen/b8075d37-2fdb-4de1-a6e4-bb9cc36891b5","domein":"JVWGE","rsin":"123456782","contactpersoonBeheerNaam":"Ubaldo","contactpersoonBeheerTelefoonnummer":"","contactpersoonBeheerEmailadres":"","zaaktypen":[],"besluittypen":[],"informatieobjecttypen":[],"naam":"Nice
        such now side.","versie":"","begindatumVersie":null}'
    headers:
      API-version:
      - 1.3.1
      Allow:
      - GET, POST, HEAD, OPTIONS
      Connection:
      - keep-alive
      Content-Length:
      - '370'
      Content-Type:
      - application/json
      Cross-Origin-Opener-Policy:
      - same-origin
      Location:
      - http://localhost:8003/catalogi/api/v1/catalogussen/b8075d37-2fdb-4de1-a6e4-bb9cc36891b5
      Referrer-Policy:
      - same-origin
      Vary:
      - Accept, origin
      X-Content-Type-Options:
      - nosniff
      X-Frame-Options:
      - DENY
    status:
      code: 201
      message: Created
- request:
    body: '{"omschrijving": "Street create begin fine lead.", "vertrouwelijkheidaanduiding":
      "geheim", "doel": "New Zaaktype 001", "aanleiding": "New Zaaktype 001", "indicatieInternOfExtern":
      "intern", "handelingInitiator": "aanvragen", "onderwerp": "New Zaaktype 001",
      "handelingBehandelaar": "handelin", "doorlooptijd": "P40D", "opschortingEnAanhoudingMogelijk":
      false, "verlengingMogelijk": true, "verlengingstermijn": "P40D", "publicatieIndicatie":
      false, "productenOfDiensten": ["https://example.com/product/321"], "referentieproces":
      {"naam": "ReferentieProces 1"}, "verantwoordelijke": "200000000", "beginGeldigheid":
      "2025-06-19", "versiedatum": "2025-06-19", "catalogus": "http://localhost:8003/catalogi/api/v1/catalogussen/b8075d37-2fdb-4de1-a6e4-bb9cc36891b5",
      "besluittypen": [], "gerelateerdeZaaktypen": [], "selectielijstProcestype":
      "https://selectielijst.openzaak.nl/api/v1/procestypen/aa8aa2fd-b9c6-4e34-9a6c-58a677f60ea0"}'
    headers:
      Accept:
      - '*/*'
      Accept-Crs:
      - EPSG:4326
      Accept-Encoding:
      - gzip, deflate
      Connection:
      - keep-alive
      Content-Length:
      - '929'
      Content-Type:
      - application/json
    method: POST
    uri: http://localhost:8003/catalogi/api/v1/zaaktypen
  response:
    body:
      string: '{"url":"http://localhost:8003/catalogi/api/v1/zaaktypen/c8e7b5d8-60c7-4a94-84b7-6f7a29f9e961","identificatie":"ZAAKTYPE-2025-0000000045","omschrijving":"Street
        create begin fine lead.","omschrijvingGeneriek":"","vertrouwelijkheidaanduiding":"geheim","doel":"New
        Zaaktype 001","aanleiding":"New Zaaktype 001","toelichting":"","indicatieInternOfExtern":"intern","handelingInitiator":"aanvragen","onderwerp":"New
        Zaaktype 001","handelingBehandelaar":"handelin","doorlooptijd":"P40D","servicenorm":null,"opschortingEnAanhoudingMogelijk":false,"verlengingMogelijk":true,"verlengingstermijn":"P40D","trefwoorden":[],"publicatieIndicatie":false,"publicatietekst":"","verantwoordingsrelatie":[],"productenOfDiensten":["https://example.com/product/321"],"selectielijstProcestype":"https://selectielijst.openzaak.nl/api/v1/procestypen/aa8aa2fd-b9c6-4e34-9a6c-58a677f60ea0","referentieproces":{"naam":"ReferentieProces
        1","link":""},"concept":true,"verantwoordelijke":"200000000","beginGeldigheid":"2025-06-19","eindeGeldigheid":null,"versiedatum":"2025-06-19","beginObject":"2025-06-19","eindeObject":null,"catalogus":"http://localhost:8003/catalogi/api/v1/catalogussen/b8075d37-2fdb-4de1-a6e4-bb9cc36891b5","statustypen":[],"resultaattypen":[],"eigenschappen":[],"informatieobjecttypen":[],"roltypen":[],"besluittypen":[],"deelzaaktypen":[],"gerelateerdeZaaktypen":[],"zaakobjecttypen":[]}'
    headers:
      API-version:
      - 1.3.1
      Allow:
      - GET, POST, HEAD, OPTIONS
      Connection:
      - keep-alive
      Content-Length:
      - '1380'
      Content-Type:
      - application/json
      Cross-Origin-Opener-Policy:
      - same-origin
      Location:
      - http://localhost:8003/catalogi/api/v1/zaaktypen/c8e7b5d8-60c7-4a94-84b7-6f7a29f9e961
      Referrer-Policy:
      - same-origin
      Vary:
      - Accept, origin
      X-Content-Type-Options:
      - nosniff
      X-Frame-Options:
      - DENY
    status:
      code: 201
      message: Created
- request:
    body: '{"catalogus": "http://localhost:8003/catalogi/api/v1/catalogussen/b8075d37-2fdb-4de1-a6e4-bb9cc36891b5",
      "omschrijving": "Omschrijving A", "vertrouwelijkheidaanduiding": "openbaar",
      "beginGeldigheid": "2025-07-01", "informatieobjectcategorie": "Blue"}'
    headers:
      Accept:
      - '*/*'
      Accept-Crs:
      - EPSG:4326
      Accept-Encoding:
      - gzip, deflate
      Connection:
      - keep-alive
      Content-Length:
      - '251'
      Content-Type:
      - application/json
    method: POST
    uri: http://localhost:8003/catalogi/api/v1/informatieobjecttypen
  response:
    body:
      string: '{"url":"http://localhost:8003/catalogi/api/v1/informatieobjecttypen/d8212f96-12b8-4013-92b5-d39430abd616","catalogus":"http://localhost:8003/catalogi/api/v1/catalogussen/b8075d37-2fdb-4de1-a6e4-bb9cc36891b5","omschrijving":"Omschrijving
        A","vertrouwelijkheidaanduiding":"openbaar","beginGeldigheid":"2025-07-01","eindeGeldigheid":null,"concept":true,"besluittypen":[],"informatieobjectcategorie":"Blue","trefwoord":[],"omschrijvingGeneriek":{"informatieobjecttypeOmschrijvingGeneriek":"","definitieInformatieobjecttypeOmschrijvingGeneriek":"","herkomstInformatieobjecttypeOmschrijvingGeneriek":"","hierarchieInformatieobjecttypeOmschrijvingGeneriek":"","opmerkingInformatieobjecttypeOmschrijvingGeneriek":""},"zaaktypen":[],"beginObject":"2025-07-01","eindeObject":null}'
    headers:
      API-version:
      - 1.3.1
      Allow:
      - GET, POST, HEAD, OPTIONS
      Connection:
      - keep-alive
      Content-Length:
      - '770'
      Content-Type:
      - application/json
      Cross-Origin-Opener-Policy:
      - same-origin
      Location:
      - http://localhost:8003/catalogi/api/v1/informatieobjecttypen/d8212f96-12b8-4013-92b5-d39430abd616
      Referrer-Policy:
      - same-origin
      Vary:
      - Accept, origin
      X-Content-Type-Options:
      - nosniff
      X-Frame-Options:
      - DENY
    status:
      code: 201
      message: Created
- request:
    body: '{"zaaktype": "http://localhost:8003/catalogi/api/v1/zaaktypen/c8e7b5d8-60c7-4a94-84b7-6f7a29f9e961",
      "informatieobjecttype": "http://localhost:8003/catalogi/api/v1/informatieobjecttypen/d8212f96-12b8-4013-92b5-d39430abd616",
      "volgnummer": 1, "richting": "inkomend"}'
    headers:
      Accept:
      - '*/*'
      Accept-Crs:
      - EPSG:4326
      Accept-Encoding:
      - gzip, deflate
      Connection:
      - keep-alive
      Content-Length:
      - '265'
      Content-Type:
      - application/json
    method: POST
    uri: http://localhost:8003/catalogi/api/v1/zaaktype-informatieobjecttypen
  response:
    body:
      string: '{"url":"http://localhost:8003/catalogi/api/v1/zaaktype-informatieobjecttypen/803624c1-e48d-4281-9391-859d9001c9c1","zaaktype":"http://localhost:8003/catalogi/api/v1/zaaktypen/c8e7b5d8-60c7-4a94-84b7-6f7a29f9e961","zaaktypeIdentificatie":"ZAAKTYPE-2025-0000000045","informatieobjecttype":"http://localhost:8003/catalogi/api/v1/informatieobjecttypen/d8212f96-12b8-4013-92b5-d39430abd616","volgnummer":1,"richting":"inkomend","statustype":null,"catalogus":"http://localhost:8003/catalogi/api/v1/catalogussen/b8075d37-2fdb-4de1-a6e4-bb9cc36891b5"}'
    headers:
      API-version:
      - 1.3.1
      Allow:
      - GET, POST, HEAD, OPTIONS
      Connection:
      - keep-alive
      Content-Length:
      - '543'
      Content-Type:
      - application/json
      Cross-Origin-Opener-Policy:
      - same-origin
      Location:
      - http://localhost:8003/catalogi/api/v1/zaaktype-informatieobjecttypen/803624c1-e48d-4281-9391-859d9001c9c1
      Referrer-Policy:
      - same-origin
      Vary:
      - Accept, origin
      X-Content-Type-Options:
      - nosniff
      X-Frame-Options:
      - DENY
    status:
      code: 201
      message: Created
- request:
    body: null
    headers:
      Accept:
      - '*/*'
      Accept-Crs:
      - EPSG:4326
      Accept-Encoding:
      - gzip, deflate
      Connection:
      - keep-alive
    method: GET
    uri: http://localhost:8003/catalogi/api/v1/zaaktypen/c8e7b5d8-60c7-4a94-84b7-6f7a29f9e961
  response:
    body:
      string: '{"url":"http://localhost:8003/catalogi/api/v1/zaaktypen/c8e7b5d8-60c7-4a94-84b7-6f7a29f9e961","identificatie":"ZAAKTYPE-2025-0000000045","omschrijving":"Street
        create begin fine lead.","omschrijvingGeneriek":"","vertrouwelijkheidaanduiding":"geheim","doel":"New
        Zaaktype 001","aanleiding":"New Zaaktype 001","toelichting":"","indicatieInternOfExtern":"intern","handelingInitiator":"aanvragen","onderwerp":"New
        Zaaktype 001","handelingBehandelaar":"handelin","doorlooptijd":"P40D","servicenorm":null,"opschortingEnAanhoudingMogelijk":false,"verlengingMogelijk":true,"verlengingstermijn":"P40D","trefwoorden":[],"publicatieIndicatie":false,"publicatietekst":"","verantwoordingsrelatie":[],"productenOfDiensten":["https://example.com/product/321"],"selectielijstProcestype":"https://selectielijst.openzaak.nl/api/v1/procestypen/aa8aa2fd-b9c6-4e34-9a6c-58a677f60ea0","referentieproces":{"naam":"ReferentieProces
        1","link":""},"concept":true,"verantwoordelijke":"200000000","beginGeldigheid":"2025-06-19","eindeGeldigheid":null,"versiedatum":"2025-06-19","beginObject":"2025-06-19","eindeObject":null,"catalogus":"http://localhost:8003/catalogi/api/v1/catalogussen/b8075d37-2fdb-4de1-a6e4-bb9cc36891b5","statustypen":[],"resultaattypen":[],"eigenschappen":[],"informatieobjecttypen":["http://localhost:8003/catalogi/api/v1/informatieobjecttypen/d8212f96-12b8-4013-92b5-d39430abd616"],"roltypen":[],"besluittypen":[],"deelzaaktypen":[],"gerelateerdeZaaktypen":[],"zaakobjecttypen":[]}'
    headers:
      API-version:
      - 1.3.1
      Allow:
      - GET, PUT, PATCH, DELETE, HEAD, OPTIONS
      Connection:
      - keep-alive
      Content-Length:
      - '1478'
      Content-Type:
      - application/json
      Cross-Origin-Opener-Policy:
      - same-origin
      ETag:
      - '"0c5f51dbd0c6688ab54b68bbd77e3c2f"'
      Referrer-Policy:
      - same-origin
      Vary:
      - Accept, origin
      X-Content-Type-Options:
      - nosniff
      X-Frame-Options:
      - DENY
    status:
      code: 200
      message: OK
- request:
    body: null
    headers:
      Accept:
      - '*/*'
      Accept-Encoding:
      - gzip, deflate
      Connection:
      - keep-alive
    method: GET
    uri: https://selectielijst.openzaak.nl/api/v1/procestypen/aa8aa2fd-b9c6-4e34-9a6c-58a677f60ea0
  response:
    body:
      string: '{"url":"https://selectielijst.openzaak.nl/api/v1/procestypen/aa8aa2fd-b9c6-4e34-9a6c-58a677f60ea0","nummer":1,"jaar":2020,"naam":"Instellen
        en inrichten organisatie","omschrijving":"Instellen en inrichten organisatie","toelichting":"Dit
        procestype betreft het instellen van een nieuw organisatieonderdeel of een
        nieuwe orgaan waar het orgaan in deelneemt. Dit procestype betreft eveneens
        het inrichten van het eigen orgaan. Dit kan kleinschalig plaatsvinden bijvoorbeeld
        het wijzigen van de uitvoering van een wettelijke taak of grootschalig wanneer
        er een organisatiewijziging wordt doorgevoerd.","procesobject":"De vastgestelde
        organisatie inrichting"}'
    headers:
      API-version:
      - 1.0.0
      Allow:
      - GET, HEAD, OPTIONS
      Connection:
      - keep-alive
      Content-Length:
      - '654'
      Content-Type:
      - application/json
      Feature-Policy:
      - autoplay 'none'; camera 'none'
      Referrer-Policy:
      - same-origin
      Strict-Transport-Security:
      - max-age=63072000
      X-Content-Type-Options:
      - nosniff
      - nosniff
      X-Frame-Options:
      - DENY
      X-XSS-Protection:
      - 1; mode=block
      - 1; mode=block
    status:
      code: 200
      message: OK
- request:
    body: null
    headers:
      Accept:
      - '*/*'
      Accept-Crs:
      - EPSG:4326
      Accept-Encoding:
      - gzip, deflate
      Connection:
      - keep-alive
    method: GET
    uri: http://localhost:8003/catalogi/api/v1/zaaktype-informatieobjecttypen?zaaktype=http%3A%2F%2Flocalhost%3A8003%2Fcatalogi%2Fapi%2Fv1%2Fzaaktypen%2Fc8e7b5d8-60c7-4a94-84b7-6f7a29f9e961&status=alles
  response:
    body:
      string: '{"count":1,"next":null,"previous":null,"results":[{"url":"http://localhost:8003/catalogi/api/v1/zaaktype-informatieobjecttypen/803624c1-e48d-4281-9391-859d9001c9c1","zaaktype":"http://localhost:8003/catalogi/api/v1/zaaktypen/c8e7b5d8-60c7-4a94-84b7-6f7a29f9e961","zaaktypeIdentificatie":"ZAAKTYPE-2025-0000000045","informatieobjecttype":"http://localhost:8003/catalogi/api/v1/informatieobjecttypen/d8212f96-12b8-4013-92b5-d39430abd616","volgnummer":1,"richting":"inkomend","statustype":null,"catalogus":"http://localhost:8003/catalogi/api/v1/catalogussen/b8075d37-2fdb-4de1-a6e4-bb9cc36891b5"}]}'
    headers:
      API-version:
      - 1.3.1
      Allow:
      - GET, POST, HEAD, OPTIONS
      Connection:
      - keep-alive
      Content-Length:
      - '595'
      Content-Type:
      - application/json
      Cross-Origin-Opener-Policy:
      - same-origin
      Referrer-Policy:
      - same-origin
      Vary:
      - Accept, origin
      X-Content-Type-Options:
      - nosniff
      X-Frame-Options:
      - DENY
    status:
      code: 200
      message: OK
- request:
    body: null
    headers:
      Accept:
      - '*/*'
      Accept-Crs:
      - EPSG:4326
      Accept-Encoding:
      - gzip, deflate
      Connection:
      - keep-alive
    method: GET
    uri: http://localhost:8003/catalogi/api/v1/besluittypen?zaaktypen=http%3A%2F%2Flocalhost%3A8003%2Fcatalogi%2Fapi%2Fv1%2Fzaaktypen%2Fc8e7b5d8-60c7-4a94-84b7-6f7a29f9e961&status=alles
  response:
    body:
      string: '{"count":0,"next":null,"previous":null,"results":[]}'
    headers:
      API-version:
      - 1.3.1
      Allow:
      - GET, POST, HEAD, OPTIONS
      Connection:
      - keep-alive
      Content-Length:
      - '52'
      Content-Type:
      - application/json
      Cross-Origin-Opener-Policy:
      - same-origin
      Referrer-Policy:
      - same-origin
      Vary:
      - Accept, origin
      X-Content-Type-Options:
      - nosniff
      X-Frame-Options:
      - DENY
    status:
      code: 200
      message: OK
- request:
    body: null
    headers:
      Accept:
      - '*/*'
      Accept-Crs:
      - EPSG:4326
      Accept-Encoding:
      - gzip, deflate
      Connection:
      - keep-alive
    method: GET
    uri: http://localhost:8003/catalogi/api/v1/statustypen?zaaktype=http%3A%2F%2Flocalhost%3A8003%2Fcatalogi%2Fapi%2Fv1%2Fzaaktypen%2Fc8e7b5d8-60c7-4a94-84b7-6f7a29f9e961&status=alles
  response:
    body:
      string: '{"count":0,"next":null,"previous":null,"results":[]}'
    headers:
      API-version:
      - 1.3.1
      Allow:
      - GET, POST, HEAD, OPTIONS
      Connection:
      - keep-alive
      Content-Length:
      - '52'
      Content-Type:
      - application/json
      Cross-Origin-Opener-Policy:
      - same-origin
      Referrer-Policy:
      - same-origin
      Vary:
      - Accept, origin
      X-Content-Type-Options:
      - nosniff
      X-Frame-Options:
      - DENY
    status:
      code: 200
      message: OK
- request:
    body: null
    headers:
      Accept:
      - '*/*'
      Accept-Crs:
      - EPSG:4326
      Accept-Encoding:
      - gzip, deflate
      Connection:
      - keep-alive
    method: GET
    uri: http://localhost:8003/catalogi/api/v1/resultaattypen?zaaktype=http%3A%2F%2Flocalhost%3A8003%2Fcatalogi%2Fapi%2Fv1%2Fzaaktypen%2Fc8e7b5d8-60c7-4a94-84b7-6f7a29f9e961&status=alles
  response:
    body:
      string: '{"count":0,"next":null,"previous":null,"results":[]}'
    headers:
      API-version:
      - 1.3.1
      Allow:
      - GET, POST, HEAD, OPTIONS
      Connection:
      - keep-alive
      Content-Length:
      - '52'
      Content-Type:
      - application/json
      Cross-Origin-Opener-Policy:
      - same-origin
      Referrer-Policy:
      - same-origin
      Vary:
      - Accept, origin
      X-Content-Type-Options:
      - nosniff
      X-Frame-Options:
      - DENY
    status:
      code: 200
      message: OK
- request:
    body: null
    headers:
      Accept:
      - '*/*'
      Accept-Crs:
      - EPSG:4326
      Accept-Encoding:
      - gzip, deflate
      Connection:
      - keep-alive
    method: GET
    uri: http://localhost:8003/catalogi/api/v1/eigenschappen?zaaktype=http%3A%2F%2Flocalhost%3A8003%2Fcatalogi%2Fapi%2Fv1%2Fzaaktypen%2Fc8e7b5d8-60c7-4a94-84b7-6f7a29f9e961&status=alles
  response:
    body:
      string: '{"count":0,"next":null,"previous":null,"results":[]}'
    headers:
      API-version:
      - 1.3.1
      Allow:
      - GET, POST, HEAD, OPTIONS
      Connection:
      - keep-alive
      Content-Length:
      - '52'
      Content-Type:
      - application/json
      Cross-Origin-Opener-Policy:
      - same-origin
      Referrer-Policy:
      - same-origin
      Vary:
      - Accept, origin
      X-Content-Type-Options:
      - nosniff
      X-Frame-Options:
      - DENY
    status:
      code: 200
      message: OK
- request:
    body: null
    headers:
      Accept:
      - '*/*'
      Accept-Crs:
      - EPSG:4326
      Accept-Encoding:
      - gzip, deflate
      Connection:
      - keep-alive
    method: GET
    uri: http://localhost:8003/catalogi/api/v1/informatieobjecttypen?zaaktype=http%3A%2F%2Flocalhost%3A8003%2Fcatalogi%2Fapi%2Fv1%2Fzaaktypen%2Fc8e7b5d8-60c7-4a94-84b7-6f7a29f9e961&status=alles
  response:
    body:
      string: '{"count":1,"next":null,"previous":null,"results":[{"url":"http://localhost:8003/catalogi/api/v1/informatieobjecttypen/d8212f96-12b8-4013-92b5-d39430abd616","catalogus":"http://localhost:8003/catalogi/api/v1/catalogussen/b8075d37-2fdb-4de1-a6e4-bb9cc36891b5","omschrijving":"Omschrijving
        A","vertrouwelijkheidaanduiding":"openbaar","beginGeldigheid":"2025-07-01","eindeGeldigheid":null,"concept":true,"besluittypen":[],"informatieobjectcategorie":"Blue","trefwoord":[],"omschrijvingGeneriek":{"informatieobjecttypeOmschrijvingGeneriek":"","definitieInformatieobjecttypeOmschrijvingGeneriek":"","herkomstInformatieobjecttypeOmschrijvingGeneriek":"","hierarchieInformatieobjecttypeOmschrijvingGeneriek":"","opmerkingInformatieobjecttypeOmschrijvingGeneriek":""},"zaaktypen":["http://localhost:8003/catalogi/api/v1/zaaktypen/c8e7b5d8-60c7-4a94-84b7-6f7a29f9e961"],"beginObject":"2025-07-01","eindeObject":null}]}'
    headers:
      API-version:
      - 1.3.1
      Allow:
      - GET, POST, HEAD, OPTIONS
      Connection:
      - keep-alive
      Content-Length:
      - '908'
      Content-Type:
      - application/json
      Cross-Origin-Opener-Policy:
      - same-origin
      Referrer-Policy:
      - same-origin
      Vary:
      - Accept, origin
      X-Content-Type-Options:
      - nosniff
      X-Frame-Options:
      - DENY
    status:
      code: 200
      message: OK
- request:
    body: null
    headers:
      Accept:
      - '*/*'
      Accept-Crs:
      - EPSG:4326
      Accept-Encoding:
      - gzip, deflate
      Connection:
      - keep-alive
    method: GET
    uri: http://localhost:8003/catalogi/api/v1/roltypen?zaaktype=http%3A%2F%2Flocalhost%3A8003%2Fcatalogi%2Fapi%2Fv1%2Fzaaktypen%2Fc8e7b5d8-60c7-4a94-84b7-6f7a29f9e961&status=alles
  response:
    body:
      string: '{"count":0,"next":null,"previous":null,"results":[]}'
    headers:
      API-version:
      - 1.3.1
      Allow:
      - GET, POST, HEAD, OPTIONS
      Connection:
      - keep-alive
      Content-Length:
      - '52'
      Content-Type:
      - application/json
      Cross-Origin-Opener-Policy:
      - same-origin
      Referrer-Policy:
      - same-origin
      Vary:
      - Accept, origin
      X-Content-Type-Options:
      - nosniff
      X-Frame-Options:
      - DENY
    status:
      code: 200
      message: OK
- request:
    body: null
    headers:
      Accept:
      - '*/*'
      Accept-Crs:
      - EPSG:4326
      Accept-Encoding:
      - gzip, deflate
      Connection:
      - keep-alive
    method: GET
    uri: http://localhost:8003/catalogi/api/v1/zaaktypen?identificatie=ZAAKTYPE-2025-0000000045&status=alles
  response:
    body:
      string: '{"count":1,"next":null,"previous":null,"results":[{"url":"http://localhost:8003/catalogi/api/v1/zaaktypen/c8e7b5d8-60c7-4a94-84b7-6f7a29f9e961","identificatie":"ZAAKTYPE-2025-0000000045","omschrijving":"Street
        create begin fine lead.","omschrijvingGeneriek":"","vertrouwelijkheidaanduiding":"geheim","doel":"New
        Zaaktype 001","aanleiding":"New Zaaktype 001","toelichting":"","indicatieInternOfExtern":"intern","handelingInitiator":"aanvragen","onderwerp":"New
        Zaaktype 001","handelingBehandelaar":"handelin","doorlooptijd":"P40D","servicenorm":null,"opschortingEnAanhoudingMogelijk":false,"verlengingMogelijk":true,"verlengingstermijn":"P40D","trefwoorden":[],"publicatieIndicatie":false,"publicatietekst":"","verantwoordingsrelatie":[],"productenOfDiensten":["https://example.com/product/321"],"selectielijstProcestype":"https://selectielijst.openzaak.nl/api/v1/procestypen/aa8aa2fd-b9c6-4e34-9a6c-58a677f60ea0","referentieproces":{"naam":"ReferentieProces
        1","link":""},"concept":true,"verantwoordelijke":"200000000","beginGeldigheid":"2025-06-19","eindeGeldigheid":null,"versiedatum":"2025-06-19","beginObject":"2025-06-19","eindeObject":null,"catalogus":"http://localhost:8003/catalogi/api/v1/catalogussen/b8075d37-2fdb-4de1-a6e4-bb9cc36891b5","statustypen":[],"resultaattypen":[],"eigenschappen":[],"informatieobjecttypen":["http://localhost:8003/catalogi/api/v1/informatieobjecttypen/d8212f96-12b8-4013-92b5-d39430abd616"],"roltypen":[],"besluittypen":[],"deelzaaktypen":[],"gerelateerdeZaaktypen":[],"zaakobjecttypen":[]}]}'
    headers:
      API-version:
      - 1.3.1
      Allow:
      - GET, POST, HEAD, OPTIONS
      Connection:
      - keep-alive
      Content-Length:
      - '1530'
      Content-Type:
      - application/json
      Cross-Origin-Opener-Policy:
      - same-origin
      Referrer-Policy:
      - same-origin
      Vary:
      - Accept, origin
      X-Content-Type-Options:
      - nosniff
      X-Frame-Options:
      - DENY
    status:
      code: 200
      message: OK
- request:
    body: null
    headers:
      Accept:
      - '*/*'
      Accept-Encoding:
      - gzip, deflate
      Connection:
      - keep-alive
    method: GET
    uri: https://selectielijst.openzaak.nl/api/v1/procestypen
  response:
    body:
      string: "[{\"url\":\"https://selectielijst.openzaak.nl/api/v1/procestypen/aa8aa2fd-b9c6-4e34-9a6c-58a677f60ea0\",\"nummer\":1,\"jaar\":2020,\"naam\":\"Instellen
        en inrichten organisatie\",\"omschrijving\":\"Instellen en inrichten organisatie\",\"toelichting\":\"Dit
        procestype betreft het instellen van een nieuw organisatieonderdeel of een
        nieuwe orgaan waar het orgaan in deelneemt. Dit procestype betreft eveneens
        het inrichten van het eigen orgaan. Dit kan kleinschalig plaatsvinden bijvoorbeeld
        het wijzigen van de uitvoering van een wettelijke taak of grootschalig wanneer
        er een organisatiewijziging wordt doorgevoerd.\",\"procesobject\":\"De vastgestelde
        organisatie inrichting\"},{\"url\":\"https://selectielijst.openzaak.nl/api/v1/procestypen/e1b73b12-b2f6-4c4e-8929-94f84dd2a57d\",\"nummer\":1,\"jaar\":2017,\"naam\":\"Instellen
        en inrichten organisatie\",\"omschrijving\":\"Instellen en inrichten organisatie\",\"toelichting\":\"Dit
        procestype betreft het instellen van een nieuw organisatieonderdeel of een
        nieuwe orgaan waar het orgaan in deelneemt. Dit procestype betreft eveneens
        het inrichten van het eigen orgaan. Dit kan kleinschalig plaatsvinden bijvoorbeeld
        het wijzigen van de uitvoering van een wettelijke taak of grootschalig wanneer
        er een organisatiewijziging wordt doorgevoerd.\",\"procesobject\":\"De vastgestelde
        organisatie inrichting\"},{\"url\":\"https://selectielijst.openzaak.nl/api/v1/procestypen/8c160b66-2247-43f3-9afc-e5e48aefa41c\",\"nummer\":2,\"jaar\":2020,\"naam\":\"Beleid
        en regelgeving opstellen\",\"omschrijving\":\"Opstellen en vaststellen van
        algemene (wettelijke) kaders voor het functioneren van de instelling.\",\"toelichting\":\"Wanneer
        een beleidsstuk betrekking heeft op een bepaalde afgebakende periode vormt
        het een beleidsplan en valt het onder het procestype 'Plan opstellen'. In
        een beleidsregel geeft een orgaan aan hoe een bepaalde bevoegdheid zal worden
        uitgevoerd. Bij het nemen van veel voorkomende beslissingen hoeft het orgaan
        niet telkens haar beleid of haar uitvoering van hogere wet- en regelgeving
        uit te leggen, maar kan zij verwijzen naar de bekendgemaakte beleidsregel.
        Deze vorm van regelgeving valt wel onder dit procestype. \",\"procesobject\":\"Het
        beleid of regelgeving\"},{\"url\":\"https://selectielijst.openzaak.nl/api/v1/procestypen/96eae691-077f-4fd6-ad66-950b9b714880\",\"nummer\":2,\"jaar\":2017,\"naam\":\"Beleid
        en regelgeving opstellen\",\"omschrijving\":\"Opstellen en vaststellen van
        algemene (wettelijke) kaders voor het functioneren van de instelling.\",\"toelichting\":\"Wanneer
        een beleidsstuk betrekking heeft op een bepaalde afgebakende periode vormt
        het een beleidsplan en valt het onder het procestype 'Plan opstellen'. In
        een beleidsregel geeft een orgaan aan hoe een bepaalde bevoegdheid zal worden
        uitgevoerd. Bij het nemen van veel voorkomende beslissingen hoeft het orgaan
        niet telkens haar beleid of haar uitvoering van hogere wet- en regelgeving
        uit te leggen, maar kan zij verwijzen naar de bekendgemaakte beleidsregel.
        Deze vorm van regelgeving valt wel onder dit procestype. \",\"procesobject\":\"Het
        beleid of regelgeving\"},{\"url\":\"https://selectielijst.openzaak.nl/api/v1/procestypen/2692b18e-f86c-4e15-b68d-e9e50d241db3\",\"nummer\":3,\"jaar\":2020,\"naam\":\"Plannen
        opstellen\",\"omschrijving\":\"Opstellen van plannen voor een in het plan
        afgebakende periode die richting geeft voor wat er in die periode moet gebeuren
        / verwacht wordt dat er gaat gebeuren.\",\"toelichting\":\"Dit procestype
        heeft betrekking op het concreet invullen van algemene kaders die in beleidsstukken
        worden geschetst voor een afgebakende periode. Het orgaan stelt hiervoor een
        plan op. \",\"procesobject\":\"Het plan\"},{\"url\":\"https://selectielijst.openzaak.nl/api/v1/procestypen/cdb46f05-0750-4d83-8025-31e20408ed21\",\"nummer\":3,\"jaar\":2017,\"naam\":\"Plannen
        opstellen\",\"omschrijving\":\"Opstellen van plannen voor een in het plan
        afgebakende periode die richting geeft voor wat er in die periode moet gebeuren
        / verwacht wordt dat er gaat gebeuren.\",\"toelichting\":\"Dit procestype
        heeft betrekking op het concreet invullen van algemene kaders die in beleidsstukken
        worden geschetst voor een afgebakende periode. Het orgaan stelt hiervoor een
        plan op. \",\"procesobject\":\"Het plan\"},{\"url\":\"https://selectielijst.openzaak.nl/api/v1/procestypen/6a439f39-927e-4306-a44a-080b0e09fb53\",\"nummer\":4,\"jaar\":2020,\"naam\":\"Evaluatie
        uitvoeren\",\"omschrijving\":\"Het controleren, evalueren, rapporten en verantwoorden
        over het handelen van het orgaan\",\"toelichting\":\"Dit evalueren kan zowel
        betrekking hebben op de evaluatie van beleid, als op de uitvoering van beleid
        en het functioneren van het eigen orgaan.\",\"procesobject\":\"Het object
        waar de evaluatie betrekking op heeft\"},{\"url\":\"https://selectielijst.openzaak.nl/api/v1/procestypen/d6c58b4f-7e88-4227-977c-cb2fb22c5eed\",\"nummer\":4,\"jaar\":2017,\"naam\":\"Evaluatie
        uitvoeren\",\"omschrijving\":\"Het controleren, evalueren, rapporten en verantwoorden
        over het handelen van het orgaan\",\"toelichting\":\"Dit evalueren kan zowel
        betrekking hebben op de evaluatie van beleid, als op de uitvoering van beleid
        en het functioneren van het eigen orgaan.\",\"procesobject\":\"Het object
        waar de evaluatie betrekking op heeft\"},{\"url\":\"https://selectielijst.openzaak.nl/api/v1/procestypen/07c3c06a-2049-4e9e-82c5-7c1ff703c642\",\"nummer\":5,\"jaar\":2017,\"naam\":\"Producten
        en diensten leveren\",\"omschrijving\":\"Het door het orgaan leveren van (publieke)
        producten of diensten\",\"toelichting\":\"Voor het verstrekken van een product
        of dienst hoeft de aanvrager niet aan een bepaalde situatie te voldoen, want
        in dat geval is het procestype 'Voorzieningen verstrekken' van toepassing.
        Het product of de dienst houdt niet het doen of laten van het orgaan in, want
        in dat geval valt het onder het procestype 'Verzoeken behandelen'.\",\"procesobject\":\"Het
        geleverde product of de geleverde dienst\"},{\"url\":\"https://selectielijst.openzaak.nl/api/v1/procestypen/0f86ece3-f863-4c67-928e-cc71ad0e2318\",\"nummer\":5,\"jaar\":2020,\"naam\":\"Producten
        en diensten leveren\",\"omschrijving\":\"Het door het orgaan leveren van (publieke)
        producten of diensten\",\"toelichting\":\"Voor het verstrekken van een product
        of dienst hoeft de aanvrager niet aan een bepaalde situatie te voldoen, want
        in dat geval is het procestype 'Voorzieningen verstrekken' van toepassing.
        Het product of de dienst houdt niet het doen of laten van het orgaan in, want
        in dat geval valt het onder het procestype 'Verzoeken behandelen'.\",\"procesobject\":\"Het
        geleverde product of de geleverde dienst\"},{\"url\":\"https://selectielijst.openzaak.nl/api/v1/procestypen/838e405a-9b12-43c4-a985-d7a7490d422e\",\"nummer\":6,\"jaar\":2020,\"naam\":\"Verzoeken
        behandelen\",\"omschrijving\":\"Het behandelen van een verzoek  tot het doen
        of laten van het orgaan\",\"toelichting\":\"Wanneer een aanvrager een aanvraag
        voor een bepaalde voorziening indient, is het procestype 'Voorzieningen verstrekken'
        van toepassing. Wanneer het om een product of dienst gaat dat niet een doen
        of juist laten van het orgaan inhoudt, is het procestype 'Producten en diensten
        leveren' van toepassing.\",\"procesobject\":\"Het handelen van het orgaan
        op basis van het verzoek\"},{\"url\":\"https://selectielijst.openzaak.nl/api/v1/procestypen/3030daa1-d516-4cd9-8276-ef0977e32b20\",\"nummer\":6,\"jaar\":2017,\"naam\":\"Verzoeken
        behandelen\",\"omschrijving\":\"Het behandelen van een verzoek  tot het doen
        of laten van het orgaan\",\"toelichting\":\"Wanneer een aanvrager een aanvraag
        voor een bepaalde voorziening indient, is het procestype 'Voorzieningen verstrekken'
        van toepassing. Wanneer het om een product of dienst gaat dat niet een doen
        of juist laten van het orgaan inhoudt, is het procestype 'Producten en diensten
        leveren' van toepassing.\",\"procesobject\":\"Het handelen van het orgaan
        op basis van het verzoek\"},{\"url\":\"https://selectielijst.openzaak.nl/api/v1/procestypen/39a1711c-f94b-4282-8ac3-7c545d8ecb04\",\"nummer\":7,\"jaar\":2017,\"naam\":\"Aangiften
        behandelen\",\"omschrijving\":\"Het behandelen van een aangifte van een bepaald
        feit, situatie of voornemen waar een inwoner op basis van wet- en regelgeving
        toe verplicht is.\",\"toelichting\":\"Niet alleen de aangiften van inwoners
        zijn onder dit procestype geschaard, maar ook de kennisgevingen over een bepaald
        feit waar ketenpartners toe verplicht zijn en die het orgaan in de BRP dient
        te verwerken.\",\"procesobject\":\"De aangifte\"},{\"url\":\"https://selectielijst.openzaak.nl/api/v1/procestypen/1ade83bf-5f13-4c00-9361-ec723c2b14a6\",\"nummer\":7,\"jaar\":2020,\"naam\":\"Aangiften
        behandelen\",\"omschrijving\":\"Het behandelen van een aangifte van een bepaald
        feit, situatie of voornemen waar een inwoner op basis van wet- en regelgeving
        toe verplicht is.\",\"toelichting\":\"Niet alleen de aangiften van inwoners
        zijn onder dit procestype geschaard, maar ook de kennisgevingen over een bepaald
        feit waar ketenpartners toe verplicht zijn en die het orgaan in de BRP dient
        te verwerken.\",\"procesobject\":\"De aangifte\"},{\"url\":\"https://selectielijst.openzaak.nl/api/v1/procestypen/f4603775-5a08-4829-85c8-28017dfeee1f\",\"nummer\":8,\"jaar\":2020,\"naam\":\"Voorzieningen
        verstrekken\",\"omschrijving\":\"Het verstekken van een (financi\xEBle) voorziening,
        al dan niet na een bepaalde vorm van toetsing, waarvoor een inwoner van het
        orgaan op basis van zijn of haar situatie in aanmerking komt.\",\"toelichting\":\"Indien
        de aanvrager zich niet in een bepaalde situatie hoeft te bevinden en wanneer
        het orgaan wordt verzocht om iets te doen of te laten, is het procestype 'Verzoek
        behandelen' van toepassing. Indien beiden niet van toepassing zijn, is het
        procestype 'Producten en diensten leveren' van toepassing.\",\"procesobject\":\"De
        voorziening\"},{\"url\":\"https://selectielijst.openzaak.nl/api/v1/procestypen/9be366e2-f63c-494a-8a77-62446251b006\",\"nummer\":8,\"jaar\":2017,\"naam\":\"Voorzieningen
        verstrekken\",\"omschrijving\":\"Het verstekken van een (financi\xEBle) voorziening,
        al dan niet na een bepaalde vorm van toetsing, waarvoor een inwoner van het
        orgaan op basis van zijn of haar situatie in aanmerking komt.\",\"toelichting\":\"Indien
        de aanvrager zich niet in een bepaalde situatie hoeft te bevinden en wanneer
        het orgaan wordt verzocht om iets te doen of te laten, is het procestype 'Verzoek
        behandelen' van toepassing. Indien beiden niet van toepassing zijn, is het
        procestype 'Producten en diensten leveren' van toepassing.\",\"procesobject\":\"De
        voorziening\"},{\"url\":\"https://selectielijst.openzaak.nl/api/v1/procestypen/bb2109bd-795d-47a8-b7a8-4e4269505054\",\"nummer\":9,\"jaar\":2020,\"naam\":\"Status
        toekennen\",\"omschrijving\":\"Het toepassen van de publieke bevoegdheden
        als overheidsorgaan om personen, objecten of immateri\xEBle zaken een bepaalde
        status toe te kennen.\",\"toelichting\":\"Het orgaan kan een gebied een status
        toekennen, om de bestemming of het gebruik van dit gebied te wijzigen. Door
        een persoon (een externe of een personeelslid) in een speciale functie te
        benoemen of door hem te mandateren, wordt hem een speciale bevoegdheden toegekend.\",\"procesobject\":\"De
        status\"},{\"url\":\"https://selectielijst.openzaak.nl/api/v1/procestypen/941de99f-b702-4b3e-9df4-db370f457bea\",\"nummer\":9,\"jaar\":2017,\"naam\":\"Status
        toekennen\",\"omschrijving\":\"Het toepassen van de publieke bevoegdheden
        als overheidsorgaan om personen, objecten of immateri\xEBle zaken een bepaalde
        status toe te kennen.\",\"toelichting\":\"Het orgaan kan een gebied een status
        toekennen, om de bestemming of het gebruik van dit gebied te wijzigen. Door
        een persoon (een externe of een personeelslid) in een speciale functie te
        benoemen of door hem te mandateren, wordt hem een speciale bevoegdheden toegekend.\",\"procesobject\":\"De
        status\"},{\"url\":\"https://selectielijst.openzaak.nl/api/v1/procestypen/7356c948-d18d-4b38-b5ad-bf303c18c550\",\"nummer\":10,\"jaar\":2020,\"naam\":\"Heffen\",\"omschrijving\":\"Het
        opleggen van een financi\xEBle verplichting aan derden op basis van de publiekrechtelijke
        bevoegdheden als overheidsorgaan\",\"toelichting\":\"\",\"procesobject\":\"De
        heffing\"},{\"url\":\"https://selectielijst.openzaak.nl/api/v1/procestypen/9c051de9-988c-42fd-ba00-2eeb6f0ac423\",\"nummer\":10,\"jaar\":2017,\"naam\":\"Heffen\",\"omschrijving\":\"Het
        opleggen van een financi\xEBle verplichting aan derden op basis van de publiekrechtelijke
        bevoegdheden als overheidsorgaan\",\"toelichting\":\"\",\"procesobject\":\"De
        heffing\"},{\"url\":\"https://selectielijst.openzaak.nl/api/v1/procestypen/7ff2b005-4d84-47fe-983a-732bfa958ff5\",\"nummer\":11,\"jaar\":2020,\"naam\":\"Toestemming
        verlenen\",\"omschrijving\":\"Het door het orgaan behandelen van een aanvraag,
        melding of verzoek om toestemming voor het doen of laten van een derde waar
        het orgaan bevoegd is om over te beslissen\",\"toelichting\":\"\",\"procesobject\":\"De
        verleende toestemming\"},{\"url\":\"https://selectielijst.openzaak.nl/api/v1/procestypen/035d5ce8-d4f8-4f23-a386-fe2ea136d9e3\",\"nummer\":11,\"jaar\":2017,\"naam\":\"Toestemming
        verlenen\",\"omschrijving\":\"Het door het orgaan behandelen van een aanvraag,
        melding of verzoek om toestemming voor het doen of laten van een derde waar
        het orgaan bevoegd is om over te beslissen\",\"toelichting\":\"\",\"procesobject\":\"De
        verleende toestemming\"},{\"url\":\"https://selectielijst.openzaak.nl/api/v1/procestypen/c844637e-6393-4202-b030-e1bffb08a9b0\",\"nummer\":12,\"jaar\":2020,\"naam\":\"Toezien
        en handhaven\",\"omschrijving\":\"Het vanuit een bevoegdheid, afspraak of
        overeenkomst inspecteren, controleren en toezien met als doel te controleren
        of personen of partijen voldoen aan geldende afspraken, wet- of regelgeving
        en het wanneer nodig corrigerend ingrijpen of opleggen van een sanctie.\",\"toelichting\":\"Het
        kan hierbij gaan om landelijke wet- en regelgeving, door het orgaan vastgestelde
        regelgeving en om vastgelegde afspraken.\",\"procesobject\":\"Het vastgelegde
        eindresultaat van het proces\"},{\"url\":\"https://selectielijst.openzaak.nl/api/v1/procestypen/75ae016a-4b09-440f-b95e-0de747b88c05\",\"nummer\":12,\"jaar\":2017,\"naam\":\"Toezien
        en handhaven\",\"omschrijving\":\"Het vanuit een bevoegdheid, afspraak of
        overeenkomst inspecteren, controleren en toezien met als doel te controleren
        of personen of partijen voldoen aan geldende afspraken, wet- of regelgeving
        en het wanneer nodig corrigerend ingrijpen of opleggen van een sanctie.\",\"toelichting\":\"Het
        kan hierbij gaan om landelijke wet- en regelgeving, door het orgaan vastgestelde
        regelgeving en om vastgelegde afspraken.\",\"procesobject\":\"Het vastgelegde
        eindresultaat van het proces\"},{\"url\":\"https://selectielijst.openzaak.nl/api/v1/procestypen/9ac48c4c-9225-4d89-a85c-178d479224c0\",\"nummer\":13,\"jaar\":2017,\"naam\":\"Geschillen
        behandelen\",\"omschrijving\":\"Het afhandelen van een geschil dat door een
        derde aanhangig wordt gemaakt omdat deze een (vermeend) nadeel heeft ondervonden
        door het (niet) handelen van de instelling\",\"toelichting\":\"Indien een
        derde of een personeelslid het niet eens is met het al of niet handelen van
        het orgaan, kan hij om compensatie verzoeken of een bezwaar aantekenen of
        een beroep indienen.\",\"procesobject\":\"Het object waar het geschil betrekking
        op heeft\"},{\"url\":\"https://selectielijst.openzaak.nl/api/v1/procestypen/1e12ad30-b900-4e7f-b3b7-569673cee0b0\",\"nummer\":13,\"jaar\":2020,\"naam\":\"Geschillen
        behandelen\",\"omschrijving\":\"Het afhandelen van een geschil dat door een
        derde aanhangig wordt gemaakt omdat deze een (vermeend) nadeel heeft ondervonden
        door het (niet) handelen van de instelling\",\"toelichting\":\"Indien een
        derde of een personeelslid het niet eens is met het al of niet handelen van
        het orgaan, kan hij om compensatie verzoeken of een bezwaar aantekenen of
        een beroep indienen.\",\"procesobject\":\"Het object waar het geschil betrekking
        op heeft\"},{\"url\":\"https://selectielijst.openzaak.nl/api/v1/procestypen/e69b104d-0b23-4265-9bfe-7a58e84cfd22\",\"nummer\":14,\"jaar\":2020,\"naam\":\"Openbare
        ruimte inrichten\",\"omschrijving\":\"Het inrichten, herstructureren, aanleggen
        of ontwikkelen van alle openbare of private gebieden of objecten die het orgaan
        onder haar beheer heeft.\",\"toelichting\":\"\",\"procesobject\":\"De voorziening
        in de openbare ruimte\"},{\"url\":\"https://selectielijst.openzaak.nl/api/v1/procestypen/a6f9ac8e-52bb-4b06-aaab-6d0628982356\",\"nummer\":14,\"jaar\":2017,\"naam\":\"Openbare
        ruimte inrichten\",\"omschrijving\":\"Het inrichten, herstructureren, aanleggen
        of ontwikkelen van alle openbare of private gebieden of objecten die het orgaan
        onder haar beheer heeft.\",\"toelichting\":\"\",\"procesobject\":\"De voorziening
        in de openbare ruimte\"},{\"url\":\"https://selectielijst.openzaak.nl/api/v1/procestypen/2f296607-9faa-41e1-800f-e8fcaf55b9c8\",\"nummer\":15,\"jaar\":2017,\"naam\":\"Onderhouden
        en repareren\",\"omschrijving\":\"Het planmatig onderhoud of naar aanleiding
        van een constatering repareren van objecten waarvoor het orgaan een beheerverantwoordelijkheid
        heeft.\",\"toelichting\":\"\",\"procesobject\":\"Het object waarop het onderhoud
        of de reparatie wordt uitgevoerd\"},{\"url\":\"https://selectielijst.openzaak.nl/api/v1/procestypen/d5f61062-8493-47b5-a8e3-b74f66c298e8\",\"nummer\":15,\"jaar\":2020,\"naam\":\"Onderhouden
        en repareren\",\"omschrijving\":\"Het planmatig onderhoud of naar aanleiding
        van een constatering repareren van objecten waarvoor het orgaan een beheerverantwoordelijkheid
        heeft.\",\"toelichting\":\"\",\"procesobject\":\"Het object waarop het onderhoud
        of de reparatie wordt uitgevoerd\"},{\"url\":\"https://selectielijst.openzaak.nl/api/v1/procestypen/fb12e5db-24ad-46cb-bd66-350c4c97e4aa\",\"nummer\":16,\"jaar\":2020,\"naam\":\"Overeenkomsten
        aangaan\",\"omschrijving\":\"Het aangaan van een overeenkomst met een persoon
        of organisatie\",\"toelichting\":\"Door overeenkomsten te sluiten kan het
        orgaan zorgen voor de uitvoering van haar taken, het voorzien in haar behoeften
        en voor het zekerstellen van haar positie.\",\"procesobject\":\"De overeenkomst\"},{\"url\":\"https://selectielijst.openzaak.nl/api/v1/procestypen/f9a7f23b-a326-4f28-8edb-4028273ad32c\",\"nummer\":16,\"jaar\":2017,\"naam\":\"Overeenkomsten
        aangaan\",\"omschrijving\":\"Het aangaan van een overeenkomst met een persoon
        of organisatie\",\"toelichting\":\"Door overeenkomsten te sluiten kan het
        orgaan zorgen voor de uitvoering van haar taken, het voorzien in haar behoeften
        en voor het zekerstellen van haar positie.\",\"procesobject\":\"De overeenkomst\"},{\"url\":\"https://selectielijst.openzaak.nl/api/v1/procestypen/d1e536dd-baed-4c5a-a862-f9ca92227d8e\",\"nummer\":17,\"jaar\":2017,\"naam\":\"Personen
        aanstellen\",\"omschrijving\":\"Het aannemen van personen in een bepaalde
        functie\",\"toelichting\":\"Het kan hierbij zowel om het aanstellen van een
        eigen personeelslid gaan, als om het benoemen van een persoon in een onafhankelijke
        commissie of het bestuur van het orgaan. \",\"procesobject\":\"Het dienstverband\"},{\"url\":\"https://selectielijst.openzaak.nl/api/v1/procestypen/6ffb906f-2966-4e67-b1ec-a746f2e7ceaa\",\"nummer\":17,\"jaar\":2020,\"naam\":\"Personen
        aanstellen\",\"omschrijving\":\"Het aannemen van personen in een bepaalde
        functie\",\"toelichting\":\"Het kan hierbij zowel om het aanstellen van een
        eigen personeelslid gaan, als om het benoemen van een persoon in een onafhankelijke
        commissie of het bestuur van het orgaan. \",\"procesobject\":\"Het dienstverband\"},{\"url\":\"https://selectielijst.openzaak.nl/api/v1/procestypen/7716119a-6af9-408e-929a-503c8c2a5939\",\"nummer\":18,\"jaar\":2020,\"naam\":\"Betalen
        en innen\",\"omschrijving\":\"Het op basis van een aangegane of opgelegde
        verplichting of heffing innen of betalen van geldbedragen\",\"toelichting\":\"\",\"procesobject\":\"De
        vordering of schuld\"},{\"url\":\"https://selectielijst.openzaak.nl/api/v1/procestypen/32a6fdb6-e894-4011-a594-9ba9f92f150a\",\"nummer\":18,\"jaar\":2017,\"naam\":\"Betalen
        en innen\",\"omschrijving\":\"Het op basis van een aangegane of opgelegde
        verplichting of heffing innen of betalen van geldbedragen\",\"toelichting\":\"\",\"procesobject\":\"De
        vordering of schuld\"},{\"url\":\"https://selectielijst.openzaak.nl/api/v1/procestypen/87804ff2-4ae3-4700-b1d4-a49ca3fcd2d0\",\"nummer\":19,\"jaar\":2017,\"naam\":\"Secretariaat
        voeren en gegevens administreren / verwerken \",\"omschrijving\":\"Het door
        het orgaan in een van haar administraties verwerken van aangeleverde, gemelde
        of geconstateerde gegevens, zonder dat hier een inhoudelijke toetsing bij
        plaatsvindt\",\"toelichting\":\"Dit procestype geldt eveneens voor de verslaglegging
        van overleg op verschillende niveaus. Zie bijlage 4 voor een overzicht van
        blijvend te bewaren registers waarvoor het orgaan verantwoordelijk is.\",\"procesobject\":\"De
        verwerkte gegevens\"},{\"url\":\"https://selectielijst.openzaak.nl/api/v1/procestypen/66b82ebc-25c0-4a15-9323-11def942a374\",\"nummer\":19,\"jaar\":2020,\"naam\":\"Secretariaat
        voeren en gegevens administreren / verwerken \",\"omschrijving\":\"Het door
        het orgaan in een van haar administraties verwerken van aangeleverde, gemelde
        of geconstateerde gegevens, zonder dat hier een inhoudelijke toetsing bij
        plaatsvindt\",\"toelichting\":\"Dit procestype geldt eveneens voor de verslaglegging
        van overleg op verschillende niveaus. Zie bijlage 4 voor een overzicht van
        blijvend te bewaren registers waarvoor het orgaan verantwoordelijk is.\",\"procesobject\":\"De
        verwerkte gegevens\"},{\"url\":\"https://selectielijst.openzaak.nl/api/v1/procestypen/b7759b9f-797c-40ac-9cbe-b82299a6d81b\",\"nummer\":20,\"jaar\":2017,\"naam\":\"Informeren\",\"omschrijving\":\"Het
        op initiatief van het orgaan samenstellen en verspreiden van informatie over
        zaken van het orgaan die interne of externe derden aangaan\",\"toelichting\":\"\",\"procesobject\":\"De
        verstrekte of gepubliceerde informatie\"},{\"url\":\"https://selectielijst.openzaak.nl/api/v1/procestypen/ff86b958-f934-43f7-825d-2cbc8b975394\",\"nummer\":20,\"jaar\":2020,\"naam\":\"Informeren\",\"omschrijving\":\"Het
        op initiatief van het orgaan samenstellen en verspreiden van informatie over
        zaken van het orgaan die interne of externe derden aangaan\",\"toelichting\":\"\",\"procesobject\":\"De
        verstrekte of gepubliceerde informatie\"},{\"url\":\"https://selectielijst.openzaak.nl/api/v1/procestypen/74fedf07-50ca-42e3-85fe-994873bada7e\",\"nummer\":21,\"jaar\":2017,\"naam\":\"Adviseren\",\"omschrijving\":\"Het
        op eigen initiatief of op verzoek geven van een advies over een bepaalde situatie
        of voornemen\",\"toelichting\":\"\",\"procesobject\":\"Het advies\"},{\"url\":\"https://selectielijst.openzaak.nl/api/v1/procestypen/25a67e51-05ba-4dfc-b230-f606525c31a0\",\"nummer\":21,\"jaar\":2020,\"naam\":\"Adviseren\",\"omschrijving\":\"Het
        op eigen initiatief of op verzoek geven van een advies over een bepaalde situatie
        of voornemen\",\"toelichting\":\"\",\"procesobject\":\"Het advies\"},{\"url\":\"https://selectielijst.openzaak.nl/api/v1/procestypen/8d522ad8-4365-4ae9-a74e-220f56048b54\",\"nummer\":22,\"jaar\":2020,\"naam\":\"Gebeurtenis
        organiseren\",\"omschrijving\":\"Het organiseren van een intern of externe
        gebeurtenis \",\"toelichting\":\"Het orgaan organiseert evenementen of gebeurtenissen
        vanuit haar wettelijke taak of ter promotie\",\"procesobject\":\"De gebeurtenis\"},{\"url\":\"https://selectielijst.openzaak.nl/api/v1/procestypen/a26cc03a-e414-4ee7-9d9b-0c507d2f3963\",\"nummer\":22,\"jaar\":2017,\"naam\":\"Gebeurtenis
        organiseren\",\"omschrijving\":\"Het organiseren van een intern of externe
        gebeurtenis \",\"toelichting\":\"Het orgaan organiseert evenementen of gebeurtenissen
        vanuit haar wettelijke taak of ter promotie\",\"procesobject\":\"De gebeurtenis\"},{\"url\":\"https://selectielijst.openzaak.nl/api/v1/procestypen/849d8c36-6d99-460a-b049-1cfe4ea74216\",\"nummer\":23,\"jaar\":2017,\"naam\":\"Voorziening
        aanvragen\",\"omschrijving\":\"Het op initiatief van het orgaan bij een derde
        vragen van een voorziening waar het orgaan aanspraak op kan maken op basis
        van wet- en regelgeving of gemaakte afspraken.\",\"toelichting\":\"\",\"procesobject\":\"De
        voorziening\"},{\"url\":\"https://selectielijst.openzaak.nl/api/v1/procestypen/01a07fa2-9817-4b6f-bc99-2640a8ee08f8\",\"nummer\":23,\"jaar\":2020,\"naam\":\"Voorziening
        aanvragen\",\"omschrijving\":\"Het op initiatief van het orgaan bij een derde
        vragen van een voorziening waar het orgaan aanspraak op kan maken op basis
        van wet- en regelgeving of gemaakte afspraken.\",\"toelichting\":\"\",\"procesobject\":\"De
        voorziening\"},{\"url\":\"https://selectielijst.openzaak.nl/api/v1/procestypen/b2e68320-529d-4fad-8ee7-bfac3e79fdd1\",\"nummer\":24,\"jaar\":2020,\"naam\":\"Toestemming
        vragen\",\"omschrijving\":\"Het op initiatief van het orgaan bij derden vragen
        van een toestemming op basis van een geldende verplichting hiertoe\",\"toelichting\":\"\",\"procesobject\":\"De
        verkregen toestemming\"},{\"url\":\"https://selectielijst.openzaak.nl/api/v1/procestypen/bcef2e85-fd7b-4ce8-acf9-175ab377af66\",\"nummer\":24,\"jaar\":2017,\"naam\":\"Toestemming
        vragen\",\"omschrijving\":\"Het op initiatief van het orgaan bij derden vragen
        van een toestemming op basis van een geldende verplichting hiertoe\",\"toelichting\":\"\",\"procesobject\":\"De
        verkregen toestemming\"},{\"url\":\"https://selectielijst.openzaak.nl/api/v1/procestypen/de205198-47f8-4b5d-858a-bd6dd4b8b042\",\"nummer\":25,\"jaar\":2017,\"naam\":\"Toezicht
        en handhaving ondergaan\",\"omschrijving\":\"Het ondergaan van toezicht en
        handhaving uitgevoerd door een ander orgaan\",\"toelichting\":\"\",\"procesobject\":\"Het
        object waarop het toezicht of de handhaving betrekking op heeft\"},{\"url\":\"https://selectielijst.openzaak.nl/api/v1/procestypen/d19d0b40-7d6b-4ee1-aa40-a0bdb2edff79\",\"nummer\":25,\"jaar\":2020,\"naam\":\"Toezicht
        en handhaving ondergaan\",\"omschrijving\":\"Het ondergaan van toezicht en
        handhaving uitgevoerd door een ander orgaan\",\"toelichting\":\"\",\"procesobject\":\"Het
        object waarop het toezicht of de handhaving betrekking op heeft\"},{\"url\":\"https://selectielijst.openzaak.nl/api/v1/procestypen/a4634ece-c1fb-4664-b9f9-968e6953c27e\",\"nummer\":26,\"jaar\":2020,\"naam\":\"Betwisten\",\"omschrijving\":\"Het
        op initiatief van het orgaan bij een derde inbrengen van een geschil wanneer
        het orgaan door het (niet) handelen van een derde nadeel heeft ondervonden
        of dreigt te gaan ondervinden\",\"toelichting\":\"Indien een orgaan het niet
        eens is met het al of niet handelen van een derde, kan het orgaan om compensatie
        vragen of bezwaar en/of beroep indienen bij de daartoe aangewezen organisaties.\",\"procesobject\":\"Het
        object waar het geschil betrekking op heeft\"},{\"url\":\"https://selectielijst.openzaak.nl/api/v1/procestypen/ab806bcb-4123-4eb9-b9cc-26370abc06dd\",\"nummer\":26,\"jaar\":2017,\"naam\":\"Betwisten\",\"omschrijving\":\"Het
        op initiatief van het orgaan bij een derde inbrengen van een geschil wanneer
        het orgaan door het (niet) handelen van een derde nadeel heeft ondervonden
        of dreigt te gaan ondervinden\",\"toelichting\":\"Indien een orgaan het niet
        eens is met het al of niet handelen van een derde, kan het orgaan om compensatie
        vragen of bezwaar en/of beroep indienen bij de daartoe aangewezen organisaties.\",\"procesobject\":\"Het
        object waar het geschil betrekking op heeft\"},{\"url\":\"https://selectielijst.openzaak.nl/api/v1/procestypen/a80a028d-12d1-41ae-b1ec-48c3347301b2\",\"nummer\":27,\"jaar\":2017,\"naam\":\"Status
        aanvragen\",\"omschrijving\":\"Het op initiatief van het orgaan bij een ander
        overheidsorgaan verzoeken om personen, objecten of immateri\xEBle zaken een
        bepaalde status toe te kennen.\",\"toelichting\":\"Het orgaan kan een andere
        organisatie verzoeken om aan een persoon, een object of een bepaald gebied
        een status toe te kennen.\",\"procesobject\":\"De status\"},{\"url\":\"https://selectielijst.openzaak.nl/api/v1/procestypen/cf8ff03a-50ab-4ec7-bd71-a69cffd63b72\",\"nummer\":27,\"jaar\":2020,\"naam\":\"Status
        aanvragen\",\"omschrijving\":\"Het op initiatief van het orgaan bij een ander
        overheidsorgaan verzoeken om personen, objecten of immateri\xEBle zaken een
        bepaalde status toe te kennen.\",\"toelichting\":\"Het orgaan kan een andere
        organisatie verzoeken om aan een persoon, een object of een bepaald gebied
        een status toe te kennen.\",\"procesobject\":\"De status\"},{\"url\":\"https://selectielijst.openzaak.nl/api/v1/procestypen/3874e4e3-39ff-48af-af6b-da82131661c0\",\"nummer\":28,\"jaar\":2020,\"naam\":\"Product
        of dienst aanvragen\",\"omschrijving\":\"Het door het orgaan aanvragen van
        (publieke) producten of diensten\",\"toelichting\":\"Het orgaan kan bij een
        andere organisatie vragen om een product of dienst zonder dat daar een overeenkomst
        voor hoeft worden gesloten.\",\"procesobject\":\"Product of dienst\"},{\"url\":\"https://selectielijst.openzaak.nl/api/v1/procestypen/32978765-f83c-4966-8d15-380d75685ad8\",\"nummer\":28,\"jaar\":2017,\"naam\":\"Product
        of dienst aanvragen\",\"omschrijving\":\"Het door het orgaan aanvragen van
        (publieke) producten of diensten\",\"toelichting\":\"Het orgaan kan bij een
        andere organisatie vragen om een product of dienst zonder dat daar een overeenkomst
        voor hoeft worden gesloten.\",\"procesobject\":\"Product of dienst\"},{\"url\":\"https://selectielijst.openzaak.nl/api/v1/procestypen/1a8aa9b8-73e0-4a71-8c9e-3d314db95518\",\"nummer\":29,\"jaar\":2017,\"naam\":\"Aangifte
        doen\",\"omschrijving\":\"Het doen van aangifte van een bepaald feit, situatie
        of voornemen waar een ander overheidsorgaan op basis van wet- en regelgeving
        hier een administratie van voert.\",\"toelichting\":\"\",\"procesobject\":\"De
        aangifte\"},{\"url\":\"https://selectielijst.openzaak.nl/api/v1/procestypen/1d49c68f-33da-4774-bc33-46d460bdd8b5\",\"nummer\":29,\"jaar\":2020,\"naam\":\"Aangifte
        doen\",\"omschrijving\":\"Het doen van aangifte van een bepaald feit, situatie
        of voornemen waar een ander overheidsorgaan op basis van wet- en regelgeving
        hier een administratie van voert.\",\"toelichting\":\"\",\"procesobject\":\"De
        aangifte\"}]"
    headers:
      API-version:
      - 1.0.0
      Allow:
      - GET, HEAD, OPTIONS
      Connection:
      - keep-alive
      Content-Type:
      - application/json
      Feature-Policy:
      - autoplay 'none'; camera 'none'
      Referrer-Policy:
      - same-origin
      Strict-Transport-Security:
      - max-age=63072000
      Transfer-Encoding:
      - chunked
      Vary:
      - Accept-Encoding
      X-Content-Type-Options:
      - nosniff
      - nosniff
      X-Frame-Options:
      - DENY
      X-XSS-Protection:
      - 1; mode=block
      - 1; mode=block
      content-length:
      - '28865'
    status:
      code: 200
      message: OK
- request:
    body: null
    headers:
      Accept:
      - '*/*'
      Accept-Encoding:
      - gzip, deflate
      Connection:
      - keep-alive
    method: GET
    uri: http://localhost:8004/api/v2/objecttypes
  response:
    body:
      string: '{"count":27,"next":null,"previous":null,"results":[{"url":"http://localhost:8004/api/v2/objecttypes/53fdcdb7-7b16-4750-87ba-1383e57d9e6b","uuid":"53fdcdb7-7b16-4750-87ba-1383e57d9e6b","name":"Technology
        within space entire fear bad.","namePlural":"Technology within space entire
        fear bad.","description":"","dataClassification":"open","maintainerOrganization":"","maintainerDepartment":"","contactPerson":"","contactEmail":"","source":"","updateFrequency":"unknown","providerOrganization":"","documentationUrl":"","labels":{},"createdAt":"2025-09-22","modifiedAt":"2025-09-22","allowGeometry":true,"versions":[]},{"url":"http://localhost:8004/api/v2/objecttypes/820539ea-f78d-4585-aa4a-d7aaae5e64a6","uuid":"820539ea-f78d-4585-aa4a-d7aaae5e64a6","name":"Talk
        day campaign hear general human reflect.","namePlural":"Talk day campaign
        hear general human reflect.","description":"","dataClassification":"open","maintainerOrganization":"","maintainerDepartment":"","contactPerson":"","contactEmail":"","source":"","updateFrequency":"unknown","providerOrganization":"","documentationUrl":"","labels":{},"createdAt":"2025-09-19","modifiedAt":"2025-09-19","allowGeometry":true,"versions":[]},{"url":"http://localhost:8004/api/v2/objecttypes/9af65590-a950-408b-aab5-95e3693a208e","uuid":"9af65590-a950-408b-aab5-95e3693a208e","name":"Compare
        I a fish.","namePlural":"Compare I a fish.","description":"","dataClassification":"open","maintainerOrganization":"","maintainerDepartment":"","contactPerson":"","contactEmail":"","source":"","updateFrequency":"unknown","providerOrganization":"","documentationUrl":"","labels":{},"createdAt":"2025-09-19","modifiedAt":"2025-09-19","allowGeometry":true,"versions":[]},{"url":"http://localhost:8004/api/v2/objecttypes/2831c9d0-c308-41c3-9ff4-858b357d831f","uuid":"2831c9d0-c308-41c3-9ff4-858b357d831f","name":"Responsibility
        here involve value ground practice mind.","namePlural":"Responsibility here
        involve value ground practice mind.","description":"","dataClassification":"open","maintainerOrganization":"","maintainerDepartment":"","contactPerson":"","contactEmail":"","source":"","updateFrequency":"unknown","providerOrganization":"","documentationUrl":"","labels":{},"createdAt":"2025-09-19","modifiedAt":"2025-09-19","allowGeometry":true,"versions":[]},{"url":"http://localhost:8004/api/v2/objecttypes/46fd9fd9-0496-46ef-89e5-973622eb6f37","uuid":"46fd9fd9-0496-46ef-89e5-973622eb6f37","name":"Safe
        also election system medical my.","namePlural":"Safe also election system
        medical my.","description":"","dataClassification":"open","maintainerOrganization":"","maintainerDepartment":"","contactPerson":"","contactEmail":"","source":"","updateFrequency":"unknown","providerOrganization":"","documentationUrl":"","labels":{},"createdAt":"2025-09-19","modifiedAt":"2025-09-19","allowGeometry":true,"versions":[]},{"url":"http://localhost:8004/api/v2/objecttypes/77854608-abf0-443a-8f5b-6d1de1ba8ce4","uuid":"77854608-abf0-443a-8f5b-6d1de1ba8ce4","name":"Member
        Republican international high.","namePlural":"Member Republican international
        high.","description":"","dataClassification":"open","maintainerOrganization":"","maintainerDepartment":"","contactPerson":"","contactEmail":"","source":"","updateFrequency":"unknown","providerOrganization":"","documentationUrl":"","labels":{},"createdAt":"2025-09-19","modifiedAt":"2025-09-19","allowGeometry":true,"versions":[]},{"url":"http://localhost:8004/api/v2/objecttypes/626346af-11ba-4a6b-81cc-881eb9349b34","uuid":"626346af-11ba-4a6b-81cc-881eb9349b34","name":"Produce
        resource hold why.","namePlural":"Produce resource hold why.","description":"","dataClassification":"open","maintainerOrganization":"","maintainerDepartment":"","contactPerson":"","contactEmail":"","source":"","updateFrequency":"unknown","providerOrganization":"","documentationUrl":"","labels":{},"createdAt":"2025-09-19","modifiedAt":"2025-09-19","allowGeometry":true,"versions":[]},{"url":"http://localhost:8004/api/v2/objecttypes/b88a64af-11e8-422f-aa94-f811eeff0e18","uuid":"b88a64af-11e8-422f-aa94-f811eeff0e18","name":"Behind
        lay international follow financial since message.","namePlural":"Behind lay
        international follow financial since message.","description":"","dataClassification":"open","maintainerOrganization":"","maintainerDepartment":"","contactPerson":"","contactEmail":"","source":"","updateFrequency":"unknown","providerOrganization":"","documentationUrl":"","labels":{},"createdAt":"2025-09-19","modifiedAt":"2025-09-19","allowGeometry":true,"versions":[]},{"url":"http://localhost:8004/api/v2/objecttypes/70f71c3e-4351-49ef-8efa-2918c61e2df6","uuid":"70f71c3e-4351-49ef-8efa-2918c61e2df6","name":"Must
        generation however.","namePlural":"Must generation however.","description":"","dataClassification":"open","maintainerOrganization":"","maintainerDepartment":"","contactPerson":"","contactEmail":"","source":"","updateFrequency":"unknown","providerOrganization":"","documentationUrl":"","labels":{},"createdAt":"2025-09-19","modifiedAt":"2025-09-19","allowGeometry":true,"versions":[]},{"url":"http://localhost:8004/api/v2/objecttypes/6985da21-bb85-4ece-bafe-eb69b5a03c31","uuid":"6985da21-bb85-4ece-bafe-eb69b5a03c31","name":"All
        country half east chance machine green.","namePlural":"All country half east
        chance machine green.","description":"","dataClassification":"open","maintainerOrganization":"","maintainerDepartment":"","contactPerson":"","contactEmail":"","source":"","updateFrequency":"unknown","providerOrganization":"","documentationUrl":"","labels":{},"createdAt":"2025-09-19","modifiedAt":"2025-09-19","allowGeometry":true,"versions":[]},{"url":"http://localhost:8004/api/v2/objecttypes/25fe6dfb-6d7a-443c-af67-a50563da4cc5","uuid":"25fe6dfb-6d7a-443c-af67-a50563da4cc5","name":"Government
        agree reduce low.","namePlural":"Government agree reduce low.","description":"","dataClassification":"open","maintainerOrganization":"","maintainerDepartment":"","contactPerson":"","contactEmail":"","source":"","updateFrequency":"unknown","providerOrganization":"","documentationUrl":"","labels":{},"createdAt":"2025-09-19","modifiedAt":"2025-09-19","allowGeometry":true,"versions":[]},{"url":"http://localhost:8004/api/v2/objecttypes/ba6f0d2f-5bd1-4fea-9ad7-12a705c84977","uuid":"ba6f0d2f-5bd1-4fea-9ad7-12a705c84977","name":"Car
        want kind could.","namePlural":"Car want kind could.","description":"","dataClassification":"open","maintainerOrganization":"","maintainerDepartment":"","contactPerson":"","contactEmail":"","source":"","updateFrequency":"unknown","providerOrganization":"","documentationUrl":"","labels":{},"createdAt":"2025-09-19","modifiedAt":"2025-09-19","allowGeometry":true,"versions":[]},{"url":"http://localhost:8004/api/v2/objecttypes/f7fe2d9a-0f03-45c9-b6cc-edcbc9d2860c","uuid":"f7fe2d9a-0f03-45c9-b6cc-edcbc9d2860c","name":"Yourself
        really camera their carry.","namePlural":"Yourself really camera their carry.","description":"","dataClassification":"open","maintainerOrganization":"","maintainerDepartment":"","contactPerson":"","contactEmail":"","source":"","updateFrequency":"unknown","providerOrganization":"","documentationUrl":"","labels":{},"createdAt":"2025-09-18","modifiedAt":"2025-09-18","allowGeometry":true,"versions":[]},{"url":"http://localhost:8004/api/v2/objecttypes/952890c6-1b40-44ef-a886-4a4deb0bd70f","uuid":"952890c6-1b40-44ef-a886-4a4deb0bd70f","name":"Nice
        exist deep son never star authority.","namePlural":"Nice exist deep son never
        star authority.","description":"","dataClassification":"open","maintainerOrganization":"","maintainerDepartment":"","contactPerson":"","contactEmail":"","source":"","updateFrequency":"unknown","providerOrganization":"","documentationUrl":"","labels":{},"createdAt":"2025-09-18","modifiedAt":"2025-09-18","allowGeometry":true,"versions":[]},{"url":"http://localhost:8004/api/v2/objecttypes/1df7d63f-bc18-4495-b77d-823e7cc9295b","uuid":"1df7d63f-bc18-4495-b77d-823e7cc9295b","name":"Run
        sign view provide make store.","namePlural":"Run sign view provide make store.","description":"","dataClassification":"open","maintainerOrganization":"","maintainerDepartment":"","contactPerson":"","contactEmail":"","source":"","updateFrequency":"unknown","providerOrganization":"","documentationUrl":"","labels":{},"createdAt":"2025-09-18","modifiedAt":"2025-09-18","allowGeometry":true,"versions":[]},{"url":"http://localhost:8004/api/v2/objecttypes/e65cee18-4b0e-42eb-baa4-0361db2a8306","uuid":"e65cee18-4b0e-42eb-baa4-0361db2a8306","name":"Personal
        give choose.","namePlural":"Personal give choose.","description":"","dataClassification":"open","maintainerOrganization":"","maintainerDepartment":"","contactPerson":"","contactEmail":"","source":"","updateFrequency":"unknown","providerOrganization":"","documentationUrl":"","labels":{},"createdAt":"2025-09-18","modifiedAt":"2025-09-18","allowGeometry":true,"versions":[]},{"url":"http://localhost:8004/api/v2/objecttypes/10d3dc7a-5300-4df6-9a13-8ca1b03c97ac","uuid":"10d3dc7a-5300-4df6-9a13-8ca1b03c97ac","name":"Black
        hope turn evidence dark two fund.","namePlural":"Black hope turn evidence
        dark two fund.","description":"","dataClassification":"open","maintainerOrganization":"","maintainerDepartment":"","contactPerson":"","contactEmail":"","source":"","updateFrequency":"unknown","providerOrganization":"","documentationUrl":"","labels":{},"createdAt":"2025-09-18","modifiedAt":"2025-09-18","allowGeometry":true,"versions":[]},{"url":"http://localhost:8004/api/v2/objecttypes/4f0daa55-2f86-44e3-a848-c31cb571a89a","uuid":"4f0daa55-2f86-44e3-a848-c31cb571a89a","name":"Always
        today cold like bar lay.","namePlural":"Always today cold like bar lay.","description":"","dataClassification":"open","maintainerOrganization":"","maintainerDepartment":"","contactPerson":"","contactEmail":"","source":"","updateFrequency":"unknown","providerOrganization":"","documentationUrl":"","labels":{},"createdAt":"2025-09-18","modifiedAt":"2025-09-18","allowGeometry":true,"versions":[]},{"url":"http://localhost:8004/api/v2/objecttypes/d85fe526-4798-46ce-abb5-297bf7435dfc","uuid":"d85fe526-4798-46ce-abb5-297bf7435dfc","name":"Yes
        true I garden tough follow sign defense.","namePlural":"Yes true I garden
        tough follow sign defense.","description":"","dataClassification":"open","maintainerOrganization":"","maintainerDepartment":"","contactPerson":"","contactEmail":"","source":"","updateFrequency":"unknown","providerOrganization":"","documentationUrl":"","labels":{},"createdAt":"2025-09-18","modifiedAt":"2025-09-18","allowGeometry":true,"versions":[]},{"url":"http://localhost:8004/api/v2/objecttypes/a113f5b3-f9a3-4ac1-b09e-af9e8a39972c","uuid":"a113f5b3-f9a3-4ac1-b09e-af9e8a39972c","name":"Line
        like property rule.","namePlural":"Line like property rule.","description":"","dataClassification":"open","maintainerOrganization":"","maintainerDepartment":"","contactPerson":"","contactEmail":"","source":"","updateFrequency":"unknown","providerOrganization":"","documentationUrl":"","labels":{},"createdAt":"2025-09-18","modifiedAt":"2025-09-18","allowGeometry":true,"versions":[]},{"url":"http://localhost:8004/api/v2/objecttypes/3ef73ef6-ef8c-4988-8dc6-eec217c35b1c","uuid":"3ef73ef6-ef8c-4988-8dc6-eec217c35b1c","name":"Itself
        seven one order nation.","namePlural":"Itself seven one order nation.","description":"","dataClassification":"open","maintainerOrganization":"","maintainerDepartment":"","contactPerson":"","contactEmail":"","source":"","updateFrequency":"unknown","providerOrganization":"","documentationUrl":"","labels":{},"createdAt":"2025-09-18","modifiedAt":"2025-09-18","allowGeometry":true,"versions":[]},{"url":"http://localhost:8004/api/v2/objecttypes/6bea7ed4-702a-4482-9e16-365ef6b9a8eb","uuid":"6bea7ed4-702a-4482-9e16-365ef6b9a8eb","name":"Tonight
        until point three meeting training.","namePlural":"Tonight until point three
        meeting training.","description":"","dataClassification":"open","maintainerOrganization":"","maintainerDepartment":"","contactPerson":"","contactEmail":"","source":"","updateFrequency":"unknown","providerOrganization":"","documentationUrl":"","labels":{},"createdAt":"2025-09-18","modifiedAt":"2025-09-18","allowGeometry":true,"versions":[]},{"url":"http://localhost:8004/api/v2/objecttypes/2f6ba62a-3fb9-46cb-b3f9-f3a3b9437954","uuid":"2f6ba62a-3fb9-46cb-b3f9-f3a3b9437954","name":"Attorney
        nature middle accept.","namePlural":"Attorney nature middle accept.","description":"","dataClassification":"open","maintainerOrganization":"","maintainerDepartment":"","contactPerson":"","contactEmail":"","source":"","updateFrequency":"unknown","providerOrganization":"","documentationUrl":"","labels":{},"createdAt":"2025-09-18","modifiedAt":"2025-09-18","allowGeometry":true,"versions":[]},{"url":"http://localhost:8004/api/v2/objecttypes/3f6f9e68-b32c-472d-8732-94b8b647f0a4","uuid":"3f6f9e68-b32c-472d-8732-94b8b647f0a4","name":"Issue
        identify ready read wear.","namePlural":"Issue identify ready read wear.","description":"","dataClassification":"open","maintainerOrganization":"","maintainerDepartment":"","contactPerson":"","contactEmail":"","source":"","updateFrequency":"unknown","providerOrganization":"","documentationUrl":"","labels":{},"createdAt":"2025-09-18","modifiedAt":"2025-09-18","allowGeometry":true,"versions":[]},{"url":"http://localhost:8004/api/v2/objecttypes/32ca4967-a9c3-424b-aea9-8f82b431b57a","uuid":"32ca4967-a9c3-424b-aea9-8f82b431b57a","name":"Must
        sign ever guess expect customer.","namePlural":"Must sign ever guess expect
        customer.","description":"","dataClassification":"open","maintainerOrganization":"","maintainerDepartment":"","contactPerson":"","contactEmail":"","source":"","updateFrequency":"unknown","providerOrganization":"","documentationUrl":"","labels":{},"createdAt":"2025-09-18","modifiedAt":"2025-09-18","allowGeometry":true,"versions":[]},{"url":"http://localhost:8004/api/v2/objecttypes/4a2e6695-16cd-4491-8bdd-b40fe8f27fb1","uuid":"4a2e6695-16cd-4491-8bdd-b40fe8f27fb1","name":"Answer
        anyone clear child.","namePlural":"Answer anyone clear child.","description":"","dataClassification":"open","maintainerOrganization":"","maintainerDepartment":"","contactPerson":"","contactEmail":"","source":"","updateFrequency":"unknown","providerOrganization":"","documentationUrl":"","labels":{},"createdAt":"2025-09-16","modifiedAt":"2025-09-16","allowGeometry":true,"versions":[]},{"url":"http://localhost:8004/api/v2/objecttypes/8f1ed789-8bef-4d02-a9ea-106a2eabce56","uuid":"8f1ed789-8bef-4d02-a9ea-106a2eabce56","name":"Myself
        spend continue will receive.","namePlural":"Myself spend continue will receive.","description":"","dataClassification":"open","maintainerOrganization":"","maintainerDepartment":"","contactPerson":"","contactEmail":"","source":"","updateFrequency":"unknown","providerOrganization":"","documentationUrl":"","labels":{},"createdAt":"2025-09-16","modifiedAt":"2025-09-16","allowGeometry":true,"versions":[]}]}'
    headers:
      Allow:
      - GET, POST, HEAD, OPTIONS
      Content-Length:
      - '14922'
      Content-Type:
      - application/json
      Cross-Origin-Opener-Policy:
      - same-origin
      Referrer-Policy:
      - same-origin
      Vary:
      - origin
      X-Content-Type-Options:
      - nosniff
      X-Frame-Options:
      - DENY
    status:
      code: 200
      message: OK
- request:
    body: null
    headers:
      Accept:
      - '*/*'
      Accept-Crs:
      - EPSG:4326
      Accept-Encoding:
      - gzip, deflate
      Connection:
      - keep-alive
    method: GET
    uri: http://localhost:8003/catalogi/api/v1/informatieobjecttypen?catalogus=http%3A%2F%2Flocalhost%3A8003%2Fcatalogi%2Fapi%2Fv1%2Fcatalogussen%2Fb8075d37-2fdb-4de1-a6e4-bb9cc36891b5&status=alles
  response:
    body:
      string: '{"count":1,"next":null,"previous":null,"results":[{"url":"http://localhost:8003/catalogi/api/v1/informatieobjecttypen/d8212f96-12b8-4013-92b5-d39430abd616","catalogus":"http://localhost:8003/catalogi/api/v1/catalogussen/b8075d37-2fdb-4de1-a6e4-bb9cc36891b5","omschrijving":"Omschrijving
        A","vertrouwelijkheidaanduiding":"openbaar","beginGeldigheid":"2025-07-01","eindeGeldigheid":null,"concept":true,"besluittypen":[],"informatieobjectcategorie":"Blue","trefwoord":[],"omschrijvingGeneriek":{"informatieobjecttypeOmschrijvingGeneriek":"","definitieInformatieobjecttypeOmschrijvingGeneriek":"","herkomstInformatieobjecttypeOmschrijvingGeneriek":"","hierarchieInformatieobjecttypeOmschrijvingGeneriek":"","opmerkingInformatieobjecttypeOmschrijvingGeneriek":""},"zaaktypen":["http://localhost:8003/catalogi/api/v1/zaaktypen/c8e7b5d8-60c7-4a94-84b7-6f7a29f9e961"],"beginObject":"2025-07-01","eindeObject":null}]}'
    headers:
      API-version:
      - 1.3.1
      Allow:
      - GET, POST, HEAD, OPTIONS
      Connection:
      - keep-alive
      Content-Length:
      - '908'
      Content-Type:
      - application/json
      Cross-Origin-Opener-Policy:
      - same-origin
      Referrer-Policy:
      - same-origin
      Vary:
      - Accept, origin
      X-Content-Type-Options:
      - nosniff
      X-Frame-Options:
      - DENY
    status:
      code: 200
      message: OK
version: 1
