interactions:
- request:
    body: '{"domein": "LCGYF", "rsin": "123456782", "contactpersoonBeheerNaam": "Ubaldo",
      "naam": "Test catalogus"}'
    headers:
      Accept:
      - '*/*'
      Accept-Crs:
      - EPSG:4326
      Accept-Encoding:
      - gzip, deflate
      Connection:
      - keep-alive
      Content-Length:
      - '104'
      Content-Type:
      - application/json
    method: POST
    uri: http://localhost:8003/catalogi/api/v1/catalogussen
  response:
    body:
      string: '{"url":"http://localhost:8003/catalogi/api/v1/catalogussen/378fc1a2-09f1-4e02-8f2d-4015fa05f152","domein":"LCGYF","rsin":"123456782","contactpersoonBeheerNaam":"Ubaldo","contactpersoonBeheerTelefoonnummer":"","contactpersoonBeheerEmailadres":"","zaaktypen":[],"besluittypen":[],"informatieobjecttypen":[],"naam":"Test
        catalogus","versie":"","begindatumVersie":null}'
    headers:
      API-version:
      - 1.3.1
      Allow:
      - GET, POST, HEAD, OPTIONS
      Connection:
      - keep-alive
      Content-Length:
      - '365'
      Content-Type:
      - application/json
      Cross-Origin-Opener-Policy:
      - same-origin
      Location:
      - http://localhost:8003/catalogi/api/v1/catalogussen/378fc1a2-09f1-4e02-8f2d-4015fa05f152
      Referrer-Policy:
      - same-origin
      Vary:
      - Accept, origin
      X-Content-Type-Options:
      - nosniff
      X-Frame-Options:
      - DENY
    status:
      code: 201
      message: Created
- request:
    body: '{"omschrijving": "Another test zaaktype", "vertrouwelijkheidaanduiding":
      "geheim", "doel": "New Zaaktype 001", "aanleiding": "New Zaaktype 001", "indicatieInternOfExtern":
      "intern", "handelingInitiator": "aanvragen", "onderwerp": "New Zaaktype 001",
      "handelingBehandelaar": "handelin", "doorlooptijd": "P40D", "opschortingEnAanhoudingMogelijk":
      false, "verlengingMogelijk": true, "verlengingstermijn": "P40D", "publicatieIndicatie":
      false, "productenOfDiensten": ["https://example.com/product/321"], "referentieproces":
      {"naam": "ReferentieProces 1"}, "verantwoordelijke": "200000000", "beginGeldigheid":
      "2025-06-19", "versiedatum": "2025-06-19", "catalogus": "http://localhost:8003/catalogi/api/v1/catalogussen/378fc1a2-09f1-4e02-8f2d-4015fa05f152",
      "besluittypen": [], "gerelateerdeZaaktypen": [], "selectielijstProcestype":
      "https://selectielijst.openzaak.nl/api/v1/procestypen/aa8aa2fd-b9c6-4e34-9a6c-58a677f60ea0"}'
    headers:
      Accept:
      - '*/*'
      Accept-Crs:
      - EPSG:4326
      Accept-Encoding:
      - gzip, deflate
      Connection:
      - keep-alive
      Content-Length:
      - '920'
      Content-Type:
      - application/json
    method: POST
    uri: http://localhost:8003/catalogi/api/v1/zaaktypen
  response:
    body:
      string: '{"url":"http://localhost:8003/catalogi/api/v1/zaaktypen/41e6e612-69b4-4c82-b05b-da1b2a72a194","identificatie":"ZAAKTYPE-2025-0000000051","omschrijving":"Another
        test zaaktype","omschrijvingGeneriek":"","vertrouwelijkheidaanduiding":"geheim","doel":"New
        Zaaktype 001","aanleiding":"New Zaaktype 001","toelichting":"","indicatieInternOfExtern":"intern","handelingInitiator":"aanvragen","onderwerp":"New
        Zaaktype 001","handelingBehandelaar":"handelin","doorlooptijd":"P40D","servicenorm":null,"opschortingEnAanhoudingMogelijk":false,"verlengingMogelijk":true,"verlengingstermijn":"P40D","trefwoorden":[],"publicatieIndicatie":false,"publicatietekst":"","verantwoordingsrelatie":[],"productenOfDiensten":["https://example.com/product/321"],"selectielijstProcestype":"https://selectielijst.openzaak.nl/api/v1/procestypen/aa8aa2fd-b9c6-4e34-9a6c-58a677f60ea0","referentieproces":{"naam":"ReferentieProces
        1","link":""},"concept":true,"verantwoordelijke":"200000000","beginGeldigheid":"2025-06-19","eindeGeldigheid":null,"versiedatum":"2025-06-19","beginObject":"2025-06-19","eindeObject":null,"catalogus":"http://localhost:8003/catalogi/api/v1/catalogussen/378fc1a2-09f1-4e02-8f2d-4015fa05f152","statustypen":[],"resultaattypen":[],"eigenschappen":[],"informatieobjecttypen":[],"roltypen":[],"besluittypen":[],"deelzaaktypen":[],"gerelateerdeZaaktypen":[],"zaakobjecttypen":[]}'
    headers:
      API-version:
      - 1.3.1
      Allow:
      - GET, POST, HEAD, OPTIONS
      Connection:
      - keep-alive
      Content-Length:
      - '1371'
      Content-Type:
      - application/json
      Cross-Origin-Opener-Policy:
      - same-origin
      Location:
      - http://localhost:8003/catalogi/api/v1/zaaktypen/41e6e612-69b4-4c82-b05b-da1b2a72a194
      Referrer-Policy:
      - same-origin
      Vary:
      - Accept, origin
      X-Content-Type-Options:
      - nosniff
      X-Frame-Options:
      - DENY
    status:
      code: 201
      message: Created
- request:
    body: '{"omschrijving": "MODIFIED"}'
    headers:
      Accept:
      - '*/*'
      Accept-Crs:
      - EPSG:4326
      Accept-Encoding:
      - gzip, deflate
      Connection:
      - keep-alive
      Content-Length:
      - '28'
      Content-Type:
      - application/json
    method: PUT
    uri: http://localhost:8003/catalogi/api/v1/zaaktypen/41e6e612-69b4-4c82-b05b-da1b2a72a194
  response:
    body:
      string: '{"type":"http://localhost:8003/ref/fouten/ValidationError/","code":"invalid","title":"Invalid
        input.","status":400,"detail":"","instance":"urn:uuid:7c573aa5-ae2d-468b-bf9a-f4f0098c4b7a","invalidParams":[{"name":"vertrouwelijkheidaanduiding","code":"required","reason":"Dit
        veld is verplicht."},{"name":"doel","code":"required","reason":"Dit veld is
        verplicht."},{"name":"aanleiding","code":"required","reason":"Dit veld is
        verplicht."},{"name":"indicatieInternOfExtern","code":"required","reason":"Dit
        veld is verplicht."},{"name":"handelingInitiator","code":"required","reason":"Dit
        veld is verplicht."},{"name":"onderwerp","code":"required","reason":"Dit veld
        is verplicht."},{"name":"handelingBehandelaar","code":"required","reason":"Dit
        veld is verplicht."},{"name":"doorlooptijd","code":"required","reason":"Dit
        veld is verplicht."},{"name":"opschortingEnAanhoudingMogelijk","code":"required","reason":"Dit
        veld is verplicht."},{"name":"verlengingMogelijk","code":"required","reason":"Dit
        veld is verplicht."},{"name":"publicatieIndicatie","code":"required","reason":"Dit
        veld is verplicht."},{"name":"productenOfDiensten","code":"required","reason":"Dit
        veld is verplicht."},{"name":"referentieproces","code":"required","reason":"Dit
        veld is verplicht."},{"name":"verantwoordelijke","code":"required","reason":"Dit
        veld is verplicht."},{"name":"beginGeldigheid","code":"required","reason":"Dit
        veld is verplicht."},{"name":"versiedatum","code":"required","reason":"Dit
        veld is verplicht."},{"name":"catalogus","code":"required","reason":"Dit veld
        is verplicht."},{"name":"besluittypen","code":"required","reason":"Dit veld
        is verplicht."},{"name":"gerelateerdeZaaktypen","code":"required","reason":"Dit
        veld is verplicht."}]}'
    headers:
      API-version:
      - 1.3.1
      Allow:
      - GET, PUT, PATCH, DELETE, HEAD, OPTIONS
      Connection:
      - keep-alive
      Content-Length:
      - '1731'
      Content-Type:
      - application/json
      Cross-Origin-Opener-Policy:
      - same-origin
      Referrer-Policy:
      - same-origin
      Vary:
      - Accept, origin
      X-Content-Type-Options:
      - nosniff
      X-Frame-Options:
      - DENY
    status:
      code: 400
      message: Bad Request
version: 1
