interactions:
- request:
    body: '{"domein": "NZHZZ", "rsin": "123456782", "contactpersoonBeheerNaam": "Ubaldo",
      "naam": "Put environmental matter trouble majority beyond."}'
    headers:
      Accept:
      - '*/*'
      Accept-Crs:
      - EPSG:4326
      Accept-Encoding:
      - gzip, deflate
      Connection:
      - keep-alive
      Content-Length:
      - '139'
      Content-Type:
      - application/json
    method: POST
    uri: http://localhost:8003/catalogi/api/v1/catalogussen
  response:
    body:
      string: '{"url":"http://localhost:8003/catalogi/api/v1/catalogussen/0d320345-c4fe-41dd-ac46-835a3c8a4664","domein":"NZHZZ","rsin":"123456782","contactpersoonBeheerNaam":"Ubaldo","contactpersoonBeheerTelefoonnummer":"","contactpersoonBeheerEmailadres":"","zaaktypen":[],"besluittypen":[],"informatieobjecttypen":[],"naam":"Put
        environmental matter trouble majority beyond.","versie":"","begindatumVersie":null}'
    headers:
      API-version:
      - 1.3.1
      Allow:
      - GET, POST, HEAD, OPTIONS
      Connection:
      - keep-alive
      Content-Length:
      - '400'
      Content-Type:
      - application/json
      Cross-Origin-Opener-Policy:
      - same-origin
      Location:
      - http://localhost:8003/catalogi/api/v1/catalogussen/0d320345-c4fe-41dd-ac46-835a3c8a4664
      Referrer-Policy:
      - same-origin
      Vary:
      - Accept, origin
      X-Content-Type-Options:
      - nosniff
      X-Frame-Options:
      - DENY
    status:
      code: 201
      message: Created
- request:
    body: '{"omschrijving": "Card a line land represent hotel.", "vertrouwelijkheidaanduiding":
      "geheim", "doel": "New Zaaktype 001", "aanleiding": "New Zaaktype 001", "indicatieInternOfExtern":
      "intern", "handelingInitiator": "aanvragen", "onderwerp": "New Zaaktype 001",
      "handelingBehandelaar": "handelin", "doorlooptijd": "P40D", "opschortingEnAanhoudingMogelijk":
      false, "verlengingMogelijk": true, "verlengingstermijn": "P40D", "publicatieIndicatie":
      false, "productenOfDiensten": ["https://example.com/product/321"], "referentieproces":
      {"naam": "ReferentieProces 1"}, "verantwoordelijke": "200000000", "beginGeldigheid":
      "2025-06-19", "versiedatum": "2025-06-19", "catalogus": "http://localhost:8003/catalogi/api/v1/catalogussen/0d320345-c4fe-41dd-ac46-835a3c8a4664",
      "besluittypen": [], "gerelateerdeZaaktypen": [], "selectielijstProcestype":
      "https://selectielijst.openzaak.nl/api/v1/procestypen/aa8aa2fd-b9c6-4e34-9a6c-58a677f60ea0"}'
    headers:
      Accept:
      - '*/*'
      Accept-Crs:
      - EPSG:4326
      Accept-Encoding:
      - gzip, deflate
      Connection:
      - keep-alive
      Content-Length:
      - '932'
      Content-Type:
      - application/json
    method: POST
    uri: http://localhost:8003/catalogi/api/v1/zaaktypen
  response:
    body:
      string: '{"url":"http://localhost:8003/catalogi/api/v1/zaaktypen/cf6a0604-fa3b-4b61-a16a-01638fa1279e","identificatie":"ZAAKTYPE-2025-0000000046","omschrijving":"Card
        a line land represent hotel.","omschrijvingGeneriek":"","vertrouwelijkheidaanduiding":"geheim","doel":"New
        Zaaktype 001","aanleiding":"New Zaaktype 001","toelichting":"","indicatieInternOfExtern":"intern","handelingInitiator":"aanvragen","onderwerp":"New
        Zaaktype 001","handelingBehandelaar":"handelin","doorlooptijd":"P40D","servicenorm":null,"opschortingEnAanhoudingMogelijk":false,"verlengingMogelijk":true,"verlengingstermijn":"P40D","trefwoorden":[],"publicatieIndicatie":false,"publicatietekst":"","verantwoordingsrelatie":[],"productenOfDiensten":["https://example.com/product/321"],"selectielijstProcestype":"https://selectielijst.openzaak.nl/api/v1/procestypen/aa8aa2fd-b9c6-4e34-9a6c-58a677f60ea0","referentieproces":{"naam":"ReferentieProces
        1","link":""},"concept":true,"verantwoordelijke":"200000000","beginGeldigheid":"2025-06-19","eindeGeldigheid":null,"versiedatum":"2025-06-19","beginObject":"2025-06-19","eindeObject":null,"catalogus":"http://localhost:8003/catalogi/api/v1/catalogussen/0d320345-c4fe-41dd-ac46-835a3c8a4664","statustypen":[],"resultaattypen":[],"eigenschappen":[],"informatieobjecttypen":[],"roltypen":[],"besluittypen":[],"deelzaaktypen":[],"gerelateerdeZaaktypen":[],"zaakobjecttypen":[]}'
    headers:
      API-version:
      - 1.3.1
      Allow:
      - GET, POST, HEAD, OPTIONS
      Connection:
      - keep-alive
      Content-Length:
      - '1383'
      Content-Type:
      - application/json
      Cross-Origin-Opener-Policy:
      - same-origin
      Location:
      - http://localhost:8003/catalogi/api/v1/zaaktypen/cf6a0604-fa3b-4b61-a16a-01638fa1279e
      Referrer-Policy:
      - same-origin
      Vary:
      - Accept, origin
      X-Content-Type-Options:
      - nosniff
      X-Frame-Options:
      - DENY
    status:
      code: 201
      message: Created
- request:
    body: '{"catalogus": "http://localhost:8003/catalogi/api/v1/catalogussen/0d320345-c4fe-41dd-ac46-835a3c8a4664",
      "omschrijving": "Omschrijving A", "vertrouwelijkheidaanduiding": "openbaar",
      "beginGeldigheid": "2025-07-01", "informatieobjectcategorie": "Blue"}'
    headers:
      Accept:
      - '*/*'
      Accept-Crs:
      - EPSG:4326
      Accept-Encoding:
      - gzip, deflate
      Connection:
      - keep-alive
      Content-Length:
      - '251'
      Content-Type:
      - application/json
    method: POST
    uri: http://localhost:8003/catalogi/api/v1/informatieobjecttypen
  response:
    body:
      string: '{"url":"http://localhost:8003/catalogi/api/v1/informatieobjecttypen/eba3a96f-3024-463e-8d3f-3a97d73da8b6","catalogus":"http://localhost:8003/catalogi/api/v1/catalogussen/0d320345-c4fe-41dd-ac46-835a3c8a4664","omschrijving":"Omschrijving
        A","vertrouwelijkheidaanduiding":"openbaar","beginGeldigheid":"2025-07-01","eindeGeldigheid":null,"concept":true,"besluittypen":[],"informatieobjectcategorie":"Blue","trefwoord":[],"omschrijvingGeneriek":{"informatieobjecttypeOmschrijvingGeneriek":"","definitieInformatieobjecttypeOmschrijvingGeneriek":"","herkomstInformatieobjecttypeOmschrijvingGeneriek":"","hierarchieInformatieobjecttypeOmschrijvingGeneriek":"","opmerkingInformatieobjecttypeOmschrijvingGeneriek":""},"zaaktypen":[],"beginObject":"2025-07-01","eindeObject":null}'
    headers:
      API-version:
      - 1.3.1
      Allow:
      - GET, POST, HEAD, OPTIONS
      Connection:
      - keep-alive
      Content-Length:
      - '770'
      Content-Type:
      - application/json
      Cross-Origin-Opener-Policy:
      - same-origin
      Location:
      - http://localhost:8003/catalogi/api/v1/informatieobjecttypen/eba3a96f-3024-463e-8d3f-3a97d73da8b6
      Referrer-Policy:
      - same-origin
      Vary:
      - Accept, origin
      X-Content-Type-Options:
      - nosniff
      X-Frame-Options:
      - DENY
    status:
      code: 201
      message: Created
- request:
    body: '{"domein": "OJTTC", "rsin": "123456782", "contactpersoonBeheerNaam": "Ubaldo",
      "naam": "Eye idea hundred institution list prove edge."}'
    headers:
      Accept:
      - '*/*'
      Accept-Crs:
      - EPSG:4326
      Accept-Encoding:
      - gzip, deflate
      Connection:
      - keep-alive
      Content-Length:
      - '135'
      Content-Type:
      - application/json
    method: POST
    uri: http://localhost:8003/catalogi/api/v1/catalogussen
  response:
    body:
      string: '{"url":"http://localhost:8003/catalogi/api/v1/catalogussen/bf506a4c-c0cc-4910-8c91-97acfe8227a2","domein":"OJTTC","rsin":"123456782","contactpersoonBeheerNaam":"Ubaldo","contactpersoonBeheerTelefoonnummer":"","contactpersoonBeheerEmailadres":"","zaaktypen":[],"besluittypen":[],"informatieobjecttypen":[],"naam":"Eye
        idea hundred institution list prove edge.","versie":"","begindatumVersie":null}'
    headers:
      API-version:
      - 1.3.1
      Allow:
      - GET, POST, HEAD, OPTIONS
      Connection:
      - keep-alive
      Content-Length:
      - '396'
      Content-Type:
      - application/json
      Cross-Origin-Opener-Policy:
      - same-origin
      Location:
      - http://localhost:8003/catalogi/api/v1/catalogussen/bf506a4c-c0cc-4910-8c91-97acfe8227a2
      Referrer-Policy:
      - same-origin
      Vary:
      - Accept, origin
      X-Content-Type-Options:
      - nosniff
      X-Frame-Options:
      - DENY
    status:
      code: 201
      message: Created
- request:
    body: '{"catalogus": "http://localhost:8003/catalogi/api/v1/catalogussen/bf506a4c-c0cc-4910-8c91-97acfe8227a2",
      "omschrijving": "Omschrijving A", "vertrouwelijkheidaanduiding": "openbaar",
      "beginGeldigheid": "2025-07-01", "informatieobjectcategorie": "Blue"}'
    headers:
      Accept:
      - '*/*'
      Accept-Crs:
      - EPSG:4326
      Accept-Encoding:
      - gzip, deflate
      Connection:
      - keep-alive
      Content-Length:
      - '251'
      Content-Type:
      - application/json
    method: POST
    uri: http://localhost:8003/catalogi/api/v1/informatieobjecttypen
  response:
    body:
      string: '{"url":"http://localhost:8003/catalogi/api/v1/informatieobjecttypen/ed672ff4-6ad7-4a2a-a651-f5b0ff5a64f4","catalogus":"http://localhost:8003/catalogi/api/v1/catalogussen/bf506a4c-c0cc-4910-8c91-97acfe8227a2","omschrijving":"Omschrijving
        A","vertrouwelijkheidaanduiding":"openbaar","beginGeldigheid":"2025-07-01","eindeGeldigheid":null,"concept":true,"besluittypen":[],"informatieobjectcategorie":"Blue","trefwoord":[],"omschrijvingGeneriek":{"informatieobjecttypeOmschrijvingGeneriek":"","definitieInformatieobjecttypeOmschrijvingGeneriek":"","herkomstInformatieobjecttypeOmschrijvingGeneriek":"","hierarchieInformatieobjecttypeOmschrijvingGeneriek":"","opmerkingInformatieobjecttypeOmschrijvingGeneriek":""},"zaaktypen":[],"beginObject":"2025-07-01","eindeObject":null}'
    headers:
      API-version:
      - 1.3.1
      Allow:
      - GET, POST, HEAD, OPTIONS
      Connection:
      - keep-alive
      Content-Length:
      - '770'
      Content-Type:
      - application/json
      Cross-Origin-Opener-Policy:
      - same-origin
      Location:
      - http://localhost:8003/catalogi/api/v1/informatieobjecttypen/ed672ff4-6ad7-4a2a-a651-f5b0ff5a64f4
      Referrer-Policy:
      - same-origin
      Vary:
      - Accept, origin
      X-Content-Type-Options:
      - nosniff
      X-Frame-Options:
      - DENY
    status:
      code: 201
      message: Created
- request:
    body: null
    headers:
      Accept:
      - '*/*'
      Accept-Crs:
      - EPSG:4326
      Accept-Encoding:
      - gzip, deflate
      Connection:
      - keep-alive
    method: GET
    uri: http://localhost:8003/catalogi/api/v1/zaaktypen/cf6a0604-fa3b-4b61-a16a-01638fa1279e
  response:
    body:
      string: '{"url":"http://localhost:8003/catalogi/api/v1/zaaktypen/cf6a0604-fa3b-4b61-a16a-01638fa1279e","identificatie":"ZAAKTYPE-2025-0000000046","omschrijving":"Card
        a line land represent hotel.","omschrijvingGeneriek":"","vertrouwelijkheidaanduiding":"geheim","doel":"New
        Zaaktype 001","aanleiding":"New Zaaktype 001","toelichting":"","indicatieInternOfExtern":"intern","handelingInitiator":"aanvragen","onderwerp":"New
        Zaaktype 001","handelingBehandelaar":"handelin","doorlooptijd":"P40D","servicenorm":null,"opschortingEnAanhoudingMogelijk":false,"verlengingMogelijk":true,"verlengingstermijn":"P40D","trefwoorden":[],"publicatieIndicatie":false,"publicatietekst":"","verantwoordingsrelatie":[],"productenOfDiensten":["https://example.com/product/321"],"selectielijstProcestype":"https://selectielijst.openzaak.nl/api/v1/procestypen/aa8aa2fd-b9c6-4e34-9a6c-58a677f60ea0","referentieproces":{"naam":"ReferentieProces
        1","link":""},"concept":true,"verantwoordelijke":"200000000","beginGeldigheid":"2025-06-19","eindeGeldigheid":null,"versiedatum":"2025-06-19","beginObject":"2025-06-19","eindeObject":null,"catalogus":"http://localhost:8003/catalogi/api/v1/catalogussen/0d320345-c4fe-41dd-ac46-835a3c8a4664","statustypen":[],"resultaattypen":[],"eigenschappen":[],"informatieobjecttypen":[],"roltypen":[],"besluittypen":[],"deelzaaktypen":[],"gerelateerdeZaaktypen":[],"zaakobjecttypen":[]}'
    headers:
      API-version:
      - 1.3.1
      Allow:
      - GET, PUT, PATCH, DELETE, HEAD, OPTIONS
      Connection:
      - keep-alive
      Content-Length:
      - '1383'
      Content-Type:
      - application/json
      Cross-Origin-Opener-Policy:
      - same-origin
      ETag:
      - '"801d84a55164560d4666aac38145b250"'
      Referrer-Policy:
      - same-origin
      Vary:
      - Accept, origin
      X-Content-Type-Options:
      - nosniff
      X-Frame-Options:
      - DENY
    status:
      code: 200
      message: OK
- request:
    body: null
    headers:
      Accept:
      - '*/*'
      Accept-Encoding:
      - gzip, deflate
      Connection:
      - keep-alive
    method: GET
    uri: https://selectielijst.openzaak.nl/api/v1/procestypen/aa8aa2fd-b9c6-4e34-9a6c-58a677f60ea0
  response:
    body:
      string: '{"url":"https://selectielijst.openzaak.nl/api/v1/procestypen/aa8aa2fd-b9c6-4e34-9a6c-58a677f60ea0","nummer":1,"jaar":2020,"naam":"Instellen
        en inrichten organisatie","omschrijving":"Instellen en inrichten organisatie","toelichting":"Dit
        procestype betreft het instellen van een nieuw organisatieonderdeel of een
        nieuwe orgaan waar het orgaan in deelneemt. Dit procestype betreft eveneens
        het inrichten van het eigen orgaan. Dit kan kleinschalig plaatsvinden bijvoorbeeld
        het wijzigen van de uitvoering van een wettelijke taak of grootschalig wanneer
        er een organisatiewijziging wordt doorgevoerd.","procesobject":"De vastgestelde
        organisatie inrichting"}'
    headers:
      API-version:
      - 1.0.0
      Allow:
      - GET, HEAD, OPTIONS
      Connection:
      - keep-alive
      Content-Length:
      - '654'
      Content-Type:
      - application/json
      Feature-Policy:
      - autoplay 'none'; camera 'none'
      Referrer-Policy:
      - same-origin
      Strict-Transport-Security:
      - max-age=63072000
      X-Content-Type-Options:
      - nosniff
      - nosniff
      X-Frame-Options:
      - DENY
      X-XSS-Protection:
      - 1; mode=block
      - 1; mode=block
    status:
      code: 200
      message: OK
- request:
    body: null
    headers:
      Accept:
      - '*/*'
      Accept-Crs:
      - EPSG:4326
      Accept-Encoding:
      - gzip, deflate
      Connection:
      - keep-alive
    method: GET
    uri: http://localhost:8003/catalogi/api/v1/zaaktype-informatieobjecttypen?zaaktype=http%3A%2F%2Flocalhost%3A8003%2Fcatalogi%2Fapi%2Fv1%2Fzaaktypen%2Fcf6a0604-fa3b-4b61-a16a-01638fa1279e&status=alles
  response:
    body:
      string: '{"count":0,"next":null,"previous":null,"results":[]}'
    headers:
      API-version:
      - 1.3.1
      Allow:
      - GET, POST, HEAD, OPTIONS
      Connection:
      - keep-alive
      Content-Length:
      - '52'
      Content-Type:
      - application/json
      Cross-Origin-Opener-Policy:
      - same-origin
      Referrer-Policy:
      - same-origin
      Vary:
      - Accept, origin
      X-Content-Type-Options:
      - nosniff
      X-Frame-Options:
      - DENY
    status:
      code: 200
      message: OK
- request:
    body: null
    headers:
      Accept:
      - '*/*'
      Accept-Crs:
      - EPSG:4326
      Accept-Encoding:
      - gzip, deflate
      Connection:
      - keep-alive
    method: GET
    uri: http://localhost:8003/catalogi/api/v1/besluittypen?zaaktypen=http%3A%2F%2Flocalhost%3A8003%2Fcatalogi%2Fapi%2Fv1%2Fzaaktypen%2Fcf6a0604-fa3b-4b61-a16a-01638fa1279e&status=alles
  response:
    body:
      string: '{"count":0,"next":null,"previous":null,"results":[]}'
    headers:
      API-version:
      - 1.3.1
      Allow:
      - GET, POST, HEAD, OPTIONS
      Connection:
      - keep-alive
      Content-Length:
      - '52'
      Content-Type:
      - application/json
      Cross-Origin-Opener-Policy:
      - same-origin
      Referrer-Policy:
      - same-origin
      Vary:
      - Accept, origin
      X-Content-Type-Options:
      - nosniff
      X-Frame-Options:
      - DENY
    status:
      code: 200
      message: OK
- request:
    body: null
    headers:
      Accept:
      - '*/*'
      Accept-Crs:
      - EPSG:4326
      Accept-Encoding:
      - gzip, deflate
      Connection:
      - keep-alive
    method: GET
    uri: http://localhost:8003/catalogi/api/v1/statustypen?zaaktype=http%3A%2F%2Flocalhost%3A8003%2Fcatalogi%2Fapi%2Fv1%2Fzaaktypen%2Fcf6a0604-fa3b-4b61-a16a-01638fa1279e&status=alles
  response:
    body:
      string: '{"count":0,"next":null,"previous":null,"results":[]}'
    headers:
      API-version:
      - 1.3.1
      Allow:
      - GET, POST, HEAD, OPTIONS
      Connection:
      - keep-alive
      Content-Length:
      - '52'
      Content-Type:
      - application/json
      Cross-Origin-Opener-Policy:
      - same-origin
      Referrer-Policy:
      - same-origin
      Vary:
      - Accept, origin
      X-Content-Type-Options:
      - nosniff
      X-Frame-Options:
      - DENY
    status:
      code: 200
      message: OK
- request:
    body: null
    headers:
      Accept:
      - '*/*'
      Accept-Crs:
      - EPSG:4326
      Accept-Encoding:
      - gzip, deflate
      Connection:
      - keep-alive
    method: GET
    uri: http://localhost:8003/catalogi/api/v1/resultaattypen?zaaktype=http%3A%2F%2Flocalhost%3A8003%2Fcatalogi%2Fapi%2Fv1%2Fzaaktypen%2Fcf6a0604-fa3b-4b61-a16a-01638fa1279e&status=alles
  response:
    body:
      string: '{"count":0,"next":null,"previous":null,"results":[]}'
    headers:
      API-version:
      - 1.3.1
      Allow:
      - GET, POST, HEAD, OPTIONS
      Connection:
      - keep-alive
      Content-Length:
      - '52'
      Content-Type:
      - application/json
      Cross-Origin-Opener-Policy:
      - same-origin
      Referrer-Policy:
      - same-origin
      Vary:
      - Accept, origin
      X-Content-Type-Options:
      - nosniff
      X-Frame-Options:
      - DENY
    status:
      code: 200
      message: OK
- request:
    body: null
    headers:
      Accept:
      - '*/*'
      Accept-Crs:
      - EPSG:4326
      Accept-Encoding:
      - gzip, deflate
      Connection:
      - keep-alive
    method: GET
    uri: http://localhost:8003/catalogi/api/v1/eigenschappen?zaaktype=http%3A%2F%2Flocalhost%3A8003%2Fcatalogi%2Fapi%2Fv1%2Fzaaktypen%2Fcf6a0604-fa3b-4b61-a16a-01638fa1279e&status=alles
  response:
    body:
      string: '{"count":0,"next":null,"previous":null,"results":[]}'
    headers:
      API-version:
      - 1.3.1
      Allow:
      - GET, POST, HEAD, OPTIONS
      Connection:
      - keep-alive
      Content-Length:
      - '52'
      Content-Type:
      - application/json
      Cross-Origin-Opener-Policy:
      - same-origin
      Referrer-Policy:
      - same-origin
      Vary:
      - Accept, origin
      X-Content-Type-Options:
      - nosniff
      X-Frame-Options:
      - DENY
    status:
      code: 200
      message: OK
- request:
    body: null
    headers:
      Accept:
      - '*/*'
      Accept-Crs:
      - EPSG:4326
      Accept-Encoding:
      - gzip, deflate
      Connection:
      - keep-alive
    method: GET
    uri: http://localhost:8003/catalogi/api/v1/informatieobjecttypen?zaaktype=http%3A%2F%2Flocalhost%3A8003%2Fcatalogi%2Fapi%2Fv1%2Fzaaktypen%2Fcf6a0604-fa3b-4b61-a16a-01638fa1279e&status=alles
  response:
    body:
      string: '{"count":0,"next":null,"previous":null,"results":[]}'
    headers:
      API-version:
      - 1.3.1
      Allow:
      - GET, POST, HEAD, OPTIONS
      Connection:
      - keep-alive
      Content-Length:
      - '52'
      Content-Type:
      - application/json
      Cross-Origin-Opener-Policy:
      - same-origin
      Referrer-Policy:
      - same-origin
      Vary:
      - Accept, origin
      X-Content-Type-Options:
      - nosniff
      X-Frame-Options:
      - DENY
    status:
      code: 200
      message: OK
- request:
    body: null
    headers:
      Accept:
      - '*/*'
      Accept-Crs:
      - EPSG:4326
      Accept-Encoding:
      - gzip, deflate
      Connection:
      - keep-alive
    method: GET
    uri: http://localhost:8003/catalogi/api/v1/roltypen?zaaktype=http%3A%2F%2Flocalhost%3A8003%2Fcatalogi%2Fapi%2Fv1%2Fzaaktypen%2Fcf6a0604-fa3b-4b61-a16a-01638fa1279e&status=alles
  response:
    body:
      string: '{"count":0,"next":null,"previous":null,"results":[]}'
    headers:
      API-version:
      - 1.3.1
      Allow:
      - GET, POST, HEAD, OPTIONS
      Connection:
      - keep-alive
      Content-Length:
      - '52'
      Content-Type:
      - application/json
      Cross-Origin-Opener-Policy:
      - same-origin
      Referrer-Policy:
      - same-origin
      Vary:
      - Accept, origin
      X-Content-Type-Options:
      - nosniff
      X-Frame-Options:
      - DENY
    status:
      code: 200
      message: OK
- request:
    body: null
    headers:
      Accept:
      - '*/*'
      Accept-Crs:
      - EPSG:4326
      Accept-Encoding:
      - gzip, deflate
      Connection:
      - keep-alive
    method: GET
    uri: http://localhost:8003/catalogi/api/v1/zaaktypen?identificatie=ZAAKTYPE-2025-0000000046&status=alles
  response:
    body:
      string: '{"count":1,"next":null,"previous":null,"results":[{"url":"http://localhost:8003/catalogi/api/v1/zaaktypen/cf6a0604-fa3b-4b61-a16a-01638fa1279e","identificatie":"ZAAKTYPE-2025-0000000046","omschrijving":"Card
        a line land represent hotel.","omschrijvingGeneriek":"","vertrouwelijkheidaanduiding":"geheim","doel":"New
        Zaaktype 001","aanleiding":"New Zaaktype 001","toelichting":"","indicatieInternOfExtern":"intern","handelingInitiator":"aanvragen","onderwerp":"New
        Zaaktype 001","handelingBehandelaar":"handelin","doorlooptijd":"P40D","servicenorm":null,"opschortingEnAanhoudingMogelijk":false,"verlengingMogelijk":true,"verlengingstermijn":"P40D","trefwoorden":[],"publicatieIndicatie":false,"publicatietekst":"","verantwoordingsrelatie":[],"productenOfDiensten":["https://example.com/product/321"],"selectielijstProcestype":"https://selectielijst.openzaak.nl/api/v1/procestypen/aa8aa2fd-b9c6-4e34-9a6c-58a677f60ea0","referentieproces":{"naam":"ReferentieProces
        1","link":""},"concept":true,"verantwoordelijke":"200000000","beginGeldigheid":"2025-06-19","eindeGeldigheid":null,"versiedatum":"2025-06-19","beginObject":"2025-06-19","eindeObject":null,"catalogus":"http://localhost:8003/catalogi/api/v1/catalogussen/0d320345-c4fe-41dd-ac46-835a3c8a4664","statustypen":[],"resultaattypen":[],"eigenschappen":[],"informatieobjecttypen":[],"roltypen":[],"besluittypen":[],"deelzaaktypen":[],"gerelateerdeZaaktypen":[],"zaakobjecttypen":[]}]}'
    headers:
      API-version:
      - 1.3.1
      Allow:
      - GET, POST, HEAD, OPTIONS
      Connection:
      - keep-alive
      Content-Length:
      - '1435'
      Content-Type:
      - application/json
      Cross-Origin-Opener-Policy:
      - same-origin
      Referrer-Policy:
      - same-origin
      Vary:
      - Accept, origin
      X-Content-Type-Options:
      - nosniff
      X-Frame-Options:
      - DENY
    status:
      code: 200
      message: OK
- request:
    body: null
    headers:
      Accept:
      - '*/*'
      Accept-Crs:
      - EPSG:4326
      Accept-Encoding:
      - gzip, deflate
      Connection:
      - keep-alive
    method: GET
    uri: http://localhost:8003/catalogi/api/v1/informatieobjecttypen?catalogus=http%3A%2F%2Flocalhost%3A8003%2Fcatalogi%2Fapi%2Fv1%2Fcatalogussen%2F0d320345-c4fe-41dd-ac46-835a3c8a4664&status=alles
  response:
    body:
      string: '{"count":1,"next":null,"previous":null,"results":[{"url":"http://localhost:8003/catalogi/api/v1/informatieobjecttypen/eba3a96f-3024-463e-8d3f-3a97d73da8b6","catalogus":"http://localhost:8003/catalogi/api/v1/catalogussen/0d320345-c4fe-41dd-ac46-835a3c8a4664","omschrijving":"Omschrijving
        A","vertrouwelijkheidaanduiding":"openbaar","beginGeldigheid":"2025-07-01","eindeGeldigheid":null,"concept":true,"besluittypen":[],"informatieobjectcategorie":"Blue","trefwoord":[],"omschrijvingGeneriek":{"informatieobjecttypeOmschrijvingGeneriek":"","definitieInformatieobjecttypeOmschrijvingGeneriek":"","herkomstInformatieobjecttypeOmschrijvingGeneriek":"","hierarchieInformatieobjecttypeOmschrijvingGeneriek":"","opmerkingInformatieobjecttypeOmschrijvingGeneriek":""},"zaaktypen":[],"beginObject":"2025-07-01","eindeObject":null}]}'
    headers:
      API-version:
      - 1.3.1
      Allow:
      - GET, POST, HEAD, OPTIONS
      Connection:
      - keep-alive
      Content-Length:
      - '822'
      Content-Type:
      - application/json
      Cross-Origin-Opener-Policy:
      - same-origin
      Referrer-Policy:
      - same-origin
      Vary:
      - Accept, origin
      X-Content-Type-Options:
      - nosniff
      X-Frame-Options:
      - DENY
    status:
      code: 200
      message: OK
version: 1
